Copyright 1986-2022 Xilinx, Inc. All Rights Reserved. Copyright 2022-2025 Advanced Micro Devices, Inc. All Rights Reserved.
---------------------------------------------------------------------------------------------------------------------------------------------
| Tool Version : Vivado v.2025.1 (lin64) Build 6140274 Wed May 21 22:58:25 MDT 2025
| Date         : Sun Nov 16 20:30:54 2025
| Host         : computer running 64-bit Ubuntu 22.04.5 LTS
| Command      : report_control_sets -verbose -file top_control_sets_placed.rpt
| Design       : top
| Device       : xc7s50
---------------------------------------------------------------------------------------------------------------------------------------------

Control Set Information

Table of Contents
-----------------
1. Summary
2. Histogram
3. Flip-Flop Distribution
4. Detailed Control Set Information

1. Summary
----------

+----------------------------------------------------------+-------+
|                          Status                          | Count |
+----------------------------------------------------------+-------+
| Total control sets                                       |    12 |
|    Minimum number of control sets                        |    12 |
|    Addition due to synthesis replication                 |     0 |
|    Addition due to physical synthesis replication        |     0 |
| Unused register locations in slices containing registers |    42 |
+----------------------------------------------------------+-------+
* Control sets can be merged at opt_design using control_set_merge or merge_equivalent_drivers
** Run report_qor_suggestions for automated merging and remapping suggestions


2. Histogram
------------

+--------------------+-------+
|       Fanout       | Count |
+--------------------+-------+
| Total control sets |    12 |
| >= 0 to < 4        |     1 |
| >= 4 to < 6        |     2 |
| >= 6 to < 8        |     0 |
| >= 8 to < 10       |     0 |
| >= 10 to < 12      |     2 |
| >= 12 to < 14      |     0 |
| >= 14 to < 16      |     0 |
| >= 16              |     7 |
+--------------------+-------+
* Control sets can be remapped at either synth_design or opt_design


3. Flip-Flop Distribution
-------------------------

+--------------+-----------------------+------------------------+-----------------+--------------+
| Clock Enable | Synchronous Set/Reset | Asynchronous Set/Reset | Total Registers | Total Slices |
+--------------+-----------------------+------------------------+-----------------+--------------+
| No           | No                    | No                     |               4 |            4 |
| No           | No                    | Yes                    |             244 |           68 |
| No           | Yes                   | No                     |               0 |            0 |
| Yes          | No                    | No                     |               0 |            0 |
| Yes          | No                    | Yes                    |             494 |          157 |
| Yes          | Yes                   | No                     |               0 |            0 |
+--------------+-----------------------+------------------------+-----------------+--------------+


4. Detailed Control Set Information
-----------------------------------

+----------------+-------------------------------------+------------------+------------------+----------------+--------------+
|  Clock Signal  |            Enable Signal            | Set/Reset Signal | Slice Load Count | Bel Load Count | Bels / Slice |
+----------------+-------------------------------------+------------------+------------------+----------------+--------------+
|  clk_IBUF_BUFG | zoom_unit/db_next                   | reset_IBUF       |                2 |              3 |         1.50 |
|  clk_IBUF_BUFG |                                     |                  |                4 |              4 |         1.00 |
|  clk_IBUF_BUFG | pixel_unit/value_next               | reset_IBUF       |                2 |              5 |         2.50 |
|  clk_IBUF_BUFG | vga_unit/h_count_reg[9]_i_1_n_0     | reset_IBUF       |                4 |             10 |         2.50 |
|  clk_IBUF_BUFG | vga_unit/v_count_reg0               | reset_IBUF       |                3 |             10 |         3.33 |
|  clk_IBUF_BUFG | zoom_unit/y_reticle_next            | reset_IBUF       |                4 |             16 |         4.00 |
|  clk_IBUF_BUFG | zoom_unit/x_reticle_next            | reset_IBUF       |               10 |             32 |         3.20 |
|  clk_IBUF_BUFG | compute_x_reg[9]_i_1_n_0            | reset_IBUF       |               20 |             74 |         3.70 |
|  clk_IBUF_BUFG | compute_y_reg[9]_i_1_n_0            | reset_IBUF       |               25 |             74 |         2.96 |
|  clk_IBUF_BUFG | pixel_re_next                       | reset_IBUF       |               45 |            128 |         2.84 |
|  clk_IBUF_BUFG | pixel_unit/iteration_reg[9]_i_1_n_0 | reset_IBUF       |               42 |            142 |         3.38 |
|  clk_IBUF_BUFG |                                     | reset_IBUF       |               68 |            244 |         3.59 |
+----------------+-------------------------------------+------------------+------------------+----------------+--------------+


