Copyright 1986-2022 Xilinx, Inc. All Rights Reserved. Copyright 2022-2025 Advanced Micro Devices, Inc. All Rights Reserved.
---------------------------------------------------------------------------------------------------------------------------------------------
| Tool Version : Vivado v.2025.1 (lin64) Build 6140274 Wed May 21 22:58:25 MDT 2025
| Date         : Sun Nov 16 20:32:50 2025
| Host         : computer running 64-bit Ubuntu 22.04.5 LTS
| Command      : report_drc -file top_drc_routed.rpt -pb top_drc_routed.pb -rpx top_drc_routed.rpx
| Design       : top
| Device       : xc7s50csga324-1
| Speed File   : -1
| Design State : Fully Routed
---------------------------------------------------------------------------------------------------------------------------------------------

Report DRC

Table of Contents
-----------------
1. REPORT SUMMARY
2. REPORT DETAILS

1. REPORT SUMMARY
-----------------
            Netlist: netlist
          Floorplan: design_1
      Design limits: <entire design considered>
           Ruledeck: default
             Max checks: <unlimited>
             Checks found: 137
+-----------+----------+----------------------------+--------+
| Rule      | Severity | Description                | Checks |
+-----------+----------+----------------------------+--------+
| CHECK-3   | Warning  | Report rule limit reached  | 1      |
| DPIP-1    | Warning  | Input pipelining           | 116    |
| REQP-1839 | Warning  | RAMB36 async control check | 20     |
+-----------+----------+----------------------------+--------+

2. REPORT DETAILS
-----------------
CHECK-3#1 Warning
Report rule limit reached  
REQP-1839 rule limit reached: 20 violations have been found.
Related violations: <none>

DPIP-1#1 Warning
Input pipelining  
DSP mem_compute_addr input mem_compute_addr/A[29:0] is not pipelined. Pipelining DSP48 input will improve performance.
Related violations: <none>

DPIP-1#2 Warning
Input pipelining  
DSP mem_compute_addr input mem_compute_addr/C[47:0] is not pipelined. Pipelining DSP48 input will improve performance.
Related violations: <none>

DPIP-1#3 Warning
Input pipelining  
DSP mem_display_addr0 input mem_display_addr0/A[29:0] is not pipelined. Pipelining DSP48 input will improve performance.
Related violations: <none>

DPIP-1#4 Warning
Input pipelining  
DSP mem_display_addr0 input mem_display_addr0/C[47:0] is not pipelined. Pipelining DSP48 input will improve performance.
Related violations: <none>

DPIP-1#5 Warning
Input pipelining  
DSP pixel_unit/qmul_return0 input pixel_unit/qmul_return0/A[29:0] is not pipelined. Pipelining DSP48 input will improve performance.
Related violations: <none>

DPIP-1#6 Warning
Input pipelining  
DSP pixel_unit/qmul_return0 input pixel_unit/qmul_return0/B[17:0] is not pipelined. Pipelining DSP48 input will improve performance.
Related violations: <none>

DPIP-1#7 Warning
Input pipelining  
DSP pixel_unit/qmul_return0__0 input pixel_unit/qmul_return0__0/A[29:0] is not pipelined. Pipelining DSP48 input will improve performance.
Related violations: <none>

DPIP-1#8 Warning
Input pipelining  
DSP pixel_unit/qmul_return0__0 input pixel_unit/qmul_return0__0/B[17:0] is not pipelined. Pipelining DSP48 input will improve performance.
Related violations: <none>

DPIP-1#9 Warning
Input pipelining  
DSP pixel_unit/qmul_return0__1 input pixel_unit/qmul_return0__1/A[29:0] is not pipelined. Pipelining DSP48 input will improve performance.
Related violations: <none>

DPIP-1#10 Warning
Input pipelining  
DSP pixel_unit/qmul_return0__1 input pixel_unit/qmul_return0__1/B[17:0] is not pipelined. Pipelining DSP48 input will improve performance.
Related violations: <none>

DPIP-1#11 Warning
Input pipelining  
DSP pixel_unit/qmul_return0__10 input pixel_unit/qmul_return0__10/A[29:0] is not pipelined. Pipelining DSP48 input will improve performance.
Related violations: <none>

DPIP-1#12 Warning
Input pipelining  
DSP pixel_unit/qmul_return0__10 input pixel_unit/qmul_return0__10/B[17:0] is not pipelined. Pipelining DSP48 input will improve performance.
Related violations: <none>

DPIP-1#13 Warning
Input pipelining  
DSP pixel_unit/qmul_return0__11 input pixel_unit/qmul_return0__11/A[29:0] is not pipelined. Pipelining DSP48 input will improve performance.
Related violations: <none>

DPIP-1#14 Warning
Input pipelining  
DSP pixel_unit/qmul_return0__11 input pixel_unit/qmul_return0__11/B[17:0] is not pipelined. Pipelining DSP48 input will improve performance.
Related violations: <none>

DPIP-1#15 Warning
Input pipelining  
DSP pixel_unit/qmul_return0__12 input pixel_unit/qmul_return0__12/A[29:0] is not pipelined. Pipelining DSP48 input will improve performance.
Related violations: <none>

DPIP-1#16 Warning
Input pipelining  
DSP pixel_unit/qmul_return0__12 input pixel_unit/qmul_return0__12/B[17:0] is not pipelined. Pipelining DSP48 input will improve performance.
Related violations: <none>

DPIP-1#17 Warning
Input pipelining  
DSP pixel_unit/qmul_return0__13 input pixel_unit/qmul_return0__13/A[29:0] is not pipelined. Pipelining DSP48 input will improve performance.
Related violations: <none>

DPIP-1#18 Warning
Input pipelining  
DSP pixel_unit/qmul_return0__13 input pixel_unit/qmul_return0__13/B[17:0] is not pipelined. Pipelining DSP48 input will improve performance.
Related violations: <none>

DPIP-1#19 Warning
Input pipelining  
DSP pixel_unit/qmul_return0__14 input pixel_unit/qmul_return0__14/A[29:0] is not pipelined. Pipelining DSP48 input will improve performance.
Related violations: <none>

DPIP-1#20 Warning
Input pipelining  
DSP pixel_unit/qmul_return0__14 input pixel_unit/qmul_return0__14/B[17:0] is not pipelined. Pipelining DSP48 input will improve performance.
Related violations: <none>

DPIP-1#21 Warning
Input pipelining  
DSP pixel_unit/qmul_return0__15 input pixel_unit/qmul_return0__15/A[29:0] is not pipelined. Pipelining DSP48 input will improve performance.
Related violations: <none>

DPIP-1#22 Warning
Input pipelining  
DSP pixel_unit/qmul_return0__15 input pixel_unit/qmul_return0__15/B[17:0] is not pipelined. Pipelining DSP48 input will improve performance.
Related violations: <none>

DPIP-1#23 Warning
Input pipelining  
DSP pixel_unit/qmul_return0__16 input pixel_unit/qmul_return0__16/A[29:0] is not pipelined. Pipelining DSP48 input will improve performance.
Related violations: <none>

DPIP-1#24 Warning
Input pipelining  
DSP pixel_unit/qmul_return0__16 input pixel_unit/qmul_return0__16/B[17:0] is not pipelined. Pipelining DSP48 input will improve performance.
Related violations: <none>

DPIP-1#25 Warning
Input pipelining  
DSP pixel_unit/qmul_return0__17 input pixel_unit/qmul_return0__17/A[29:0] is not pipelined. Pipelining DSP48 input will improve performance.
Related violations: <none>

DPIP-1#26 Warning
Input pipelining  
DSP pixel_unit/qmul_return0__17 input pixel_unit/qmul_return0__17/B[17:0] is not pipelined. Pipelining DSP48 input will improve performance.
Related violations: <none>

DPIP-1#27 Warning
Input pipelining  
DSP pixel_unit/qmul_return0__18 input pixel_unit/qmul_return0__18/A[29:0] is not pipelined. Pipelining DSP48 input will improve performance.
Related violations: <none>

DPIP-1#28 Warning
Input pipelining  
DSP pixel_unit/qmul_return0__18 input pixel_unit/qmul_return0__18/B[17:0] is not pipelined. Pipelining DSP48 input will improve performance.
Related violations: <none>

DPIP-1#29 Warning
Input pipelining  
DSP pixel_unit/qmul_return0__19 input pixel_unit/qmul_return0__19/A[29:0] is not pipelined. Pipelining DSP48 input will improve performance.
Related violations: <none>

DPIP-1#30 Warning
Input pipelining  
DSP pixel_unit/qmul_return0__19 input pixel_unit/qmul_return0__19/B[17:0] is not pipelined. Pipelining DSP48 input will improve performance.
Related violations: <none>

DPIP-1#31 Warning
Input pipelining  
DSP pixel_unit/qmul_return0__2 input pixel_unit/qmul_return0__2/A[29:0] is not pipelined. Pipelining DSP48 input will improve performance.
Related violations: <none>

DPIP-1#32 Warning
Input pipelining  
DSP pixel_unit/qmul_return0__2 input pixel_unit/qmul_return0__2/B[17:0] is not pipelined. Pipelining DSP48 input will improve performance.
Related violations: <none>

DPIP-1#33 Warning
Input pipelining  
DSP pixel_unit/qmul_return0__20 input pixel_unit/qmul_return0__20/A[29:0] is not pipelined. Pipelining DSP48 input will improve performance.
Related violations: <none>

DPIP-1#34 Warning
Input pipelining  
DSP pixel_unit/qmul_return0__20 input pixel_unit/qmul_return0__20/B[17:0] is not pipelined. Pipelining DSP48 input will improve performance.
Related violations: <none>

DPIP-1#35 Warning
Input pipelining  
DSP pixel_unit/qmul_return0__21 input pixel_unit/qmul_return0__21/A[29:0] is not pipelined. Pipelining DSP48 input will improve performance.
Related violations: <none>

DPIP-1#36 Warning
Input pipelining  
DSP pixel_unit/qmul_return0__21 input pixel_unit/qmul_return0__21/B[17:0] is not pipelined. Pipelining DSP48 input will improve performance.
Related violations: <none>

DPIP-1#37 Warning
Input pipelining  
DSP pixel_unit/qmul_return0__22 input pixel_unit/qmul_return0__22/A[29:0] is not pipelined. Pipelining DSP48 input will improve performance.
Related violations: <none>

DPIP-1#38 Warning
Input pipelining  
DSP pixel_unit/qmul_return0__22 input pixel_unit/qmul_return0__22/B[17:0] is not pipelined. Pipelining DSP48 input will improve performance.
Related violations: <none>

DPIP-1#39 Warning
Input pipelining  
DSP pixel_unit/qmul_return0__23 input pixel_unit/qmul_return0__23/A[29:0] is not pipelined. Pipelining DSP48 input will improve performance.
Related violations: <none>

DPIP-1#40 Warning
Input pipelining  
DSP pixel_unit/qmul_return0__23 input pixel_unit/qmul_return0__23/B[17:0] is not pipelined. Pipelining DSP48 input will improve performance.
Related violations: <none>

DPIP-1#41 Warning
Input pipelining  
DSP pixel_unit/qmul_return0__24 input pixel_unit/qmul_return0__24/A[29:0] is not pipelined. Pipelining DSP48 input will improve performance.
Related violations: <none>

DPIP-1#42 Warning
Input pipelining  
DSP pixel_unit/qmul_return0__24 input pixel_unit/qmul_return0__24/B[17:0] is not pipelined. Pipelining DSP48 input will improve performance.
Related violations: <none>

DPIP-1#43 Warning
Input pipelining  
DSP pixel_unit/qmul_return0__25 input pixel_unit/qmul_return0__25/A[29:0] is not pipelined. Pipelining DSP48 input will improve performance.
Related violations: <none>

DPIP-1#44 Warning
Input pipelining  
DSP pixel_unit/qmul_return0__25 input pixel_unit/qmul_return0__25/B[17:0] is not pipelined. Pipelining DSP48 input will improve performance.
Related violations: <none>

DPIP-1#45 Warning
Input pipelining  
DSP pixel_unit/qmul_return0__26 input pixel_unit/qmul_return0__26/A[29:0] is not pipelined. Pipelining DSP48 input will improve performance.
Related violations: <none>

DPIP-1#46 Warning
Input pipelining  
DSP pixel_unit/qmul_return0__26 input pixel_unit/qmul_return0__26/B[17:0] is not pipelined. Pipelining DSP48 input will improve performance.
Related violations: <none>

DPIP-1#47 Warning
Input pipelining  
DSP pixel_unit/qmul_return0__27 input pixel_unit/qmul_return0__27/A[29:0] is not pipelined. Pipelining DSP48 input will improve performance.
Related violations: <none>

DPIP-1#48 Warning
Input pipelining  
DSP pixel_unit/qmul_return0__27 input pixel_unit/qmul_return0__27/B[17:0] is not pipelined. Pipelining DSP48 input will improve performance.
Related violations: <none>

DPIP-1#49 Warning
Input pipelining  
DSP pixel_unit/qmul_return0__28 input pixel_unit/qmul_return0__28/A[29:0] is not pipelined. Pipelining DSP48 input will improve performance.
Related violations: <none>

DPIP-1#50 Warning
Input pipelining  
DSP pixel_unit/qmul_return0__28 input pixel_unit/qmul_return0__28/B[17:0] is not pipelined. Pipelining DSP48 input will improve performance.
Related violations: <none>

DPIP-1#51 Warning
Input pipelining  
DSP pixel_unit/qmul_return0__29 input pixel_unit/qmul_return0__29/A[29:0] is not pipelined. Pipelining DSP48 input will improve performance.
Related violations: <none>

DPIP-1#52 Warning
Input pipelining  
DSP pixel_unit/qmul_return0__29 input pixel_unit/qmul_return0__29/B[17:0] is not pipelined. Pipelining DSP48 input will improve performance.
Related violations: <none>

DPIP-1#53 Warning
Input pipelining  
DSP pixel_unit/qmul_return0__3 input pixel_unit/qmul_return0__3/A[29:0] is not pipelined. Pipelining DSP48 input will improve performance.
Related violations: <none>

DPIP-1#54 Warning
Input pipelining  
DSP pixel_unit/qmul_return0__3 input pixel_unit/qmul_return0__3/B[17:0] is not pipelined. Pipelining DSP48 input will improve performance.
Related violations: <none>

DPIP-1#55 Warning
Input pipelining  
DSP pixel_unit/qmul_return0__30 input pixel_unit/qmul_return0__30/A[29:0] is not pipelined. Pipelining DSP48 input will improve performance.
Related violations: <none>

DPIP-1#56 Warning
Input pipelining  
DSP pixel_unit/qmul_return0__30 input pixel_unit/qmul_return0__30/B[17:0] is not pipelined. Pipelining DSP48 input will improve performance.
Related violations: <none>

DPIP-1#57 Warning
Input pipelining  
DSP pixel_unit/qmul_return0__31 input pixel_unit/qmul_return0__31/A[29:0] is not pipelined. Pipelining DSP48 input will improve performance.
Related violations: <none>

DPIP-1#58 Warning
Input pipelining  
DSP pixel_unit/qmul_return0__31 input pixel_unit/qmul_return0__31/B[17:0] is not pipelined. Pipelining DSP48 input will improve performance.
Related violations: <none>

DPIP-1#59 Warning
Input pipelining  
DSP pixel_unit/qmul_return0__32 input pixel_unit/qmul_return0__32/A[29:0] is not pipelined. Pipelining DSP48 input will improve performance.
Related violations: <none>

DPIP-1#60 Warning
Input pipelining  
DSP pixel_unit/qmul_return0__32 input pixel_unit/qmul_return0__32/B[17:0] is not pipelined. Pipelining DSP48 input will improve performance.
Related violations: <none>

DPIP-1#61 Warning
Input pipelining  
DSP pixel_unit/qmul_return0__33 input pixel_unit/qmul_return0__33/A[29:0] is not pipelined. Pipelining DSP48 input will improve performance.
Related violations: <none>

DPIP-1#62 Warning
Input pipelining  
DSP pixel_unit/qmul_return0__33 input pixel_unit/qmul_return0__33/B[17:0] is not pipelined. Pipelining DSP48 input will improve performance.
Related violations: <none>

DPIP-1#63 Warning
Input pipelining  
DSP pixel_unit/qmul_return0__34 input pixel_unit/qmul_return0__34/A[29:0] is not pipelined. Pipelining DSP48 input will improve performance.
Related violations: <none>

DPIP-1#64 Warning
Input pipelining  
DSP pixel_unit/qmul_return0__34 input pixel_unit/qmul_return0__34/B[17:0] is not pipelined. Pipelining DSP48 input will improve performance.
Related violations: <none>

DPIP-1#65 Warning
Input pipelining  
DSP pixel_unit/qmul_return0__35 input pixel_unit/qmul_return0__35/A[29:0] is not pipelined. Pipelining DSP48 input will improve performance.
Related violations: <none>

DPIP-1#66 Warning
Input pipelining  
DSP pixel_unit/qmul_return0__35 input pixel_unit/qmul_return0__35/B[17:0] is not pipelined. Pipelining DSP48 input will improve performance.
Related violations: <none>

DPIP-1#67 Warning
Input pipelining  
DSP pixel_unit/qmul_return0__36 input pixel_unit/qmul_return0__36/A[29:0] is not pipelined. Pipelining DSP48 input will improve performance.
Related violations: <none>

DPIP-1#68 Warning
Input pipelining  
DSP pixel_unit/qmul_return0__36 input pixel_unit/qmul_return0__36/B[17:0] is not pipelined. Pipelining DSP48 input will improve performance.
Related violations: <none>

DPIP-1#69 Warning
Input pipelining  
DSP pixel_unit/qmul_return0__37 input pixel_unit/qmul_return0__37/A[29:0] is not pipelined. Pipelining DSP48 input will improve performance.
Related violations: <none>

DPIP-1#70 Warning
Input pipelining  
DSP pixel_unit/qmul_return0__37 input pixel_unit/qmul_return0__37/B[17:0] is not pipelined. Pipelining DSP48 input will improve performance.
Related violations: <none>

DPIP-1#71 Warning
Input pipelining  
DSP pixel_unit/qmul_return0__38 input pixel_unit/qmul_return0__38/A[29:0] is not pipelined. Pipelining DSP48 input will improve performance.
Related violations: <none>

DPIP-1#72 Warning
Input pipelining  
DSP pixel_unit/qmul_return0__38 input pixel_unit/qmul_return0__38/B[17:0] is not pipelined. Pipelining DSP48 input will improve performance.
Related violations: <none>

DPIP-1#73 Warning
Input pipelining  
DSP pixel_unit/qmul_return0__39 input pixel_unit/qmul_return0__39/A[29:0] is not pipelined. Pipelining DSP48 input will improve performance.
Related violations: <none>

DPIP-1#74 Warning
Input pipelining  
DSP pixel_unit/qmul_return0__39 input pixel_unit/qmul_return0__39/B[17:0] is not pipelined. Pipelining DSP48 input will improve performance.
Related violations: <none>

DPIP-1#75 Warning
Input pipelining  
DSP pixel_unit/qmul_return0__4 input pixel_unit/qmul_return0__4/A[29:0] is not pipelined. Pipelining DSP48 input will improve performance.
Related violations: <none>

DPIP-1#76 Warning
Input pipelining  
DSP pixel_unit/qmul_return0__4 input pixel_unit/qmul_return0__4/B[17:0] is not pipelined. Pipelining DSP48 input will improve performance.
Related violations: <none>

DPIP-1#77 Warning
Input pipelining  
DSP pixel_unit/qmul_return0__40 input pixel_unit/qmul_return0__40/A[29:0] is not pipelined. Pipelining DSP48 input will improve performance.
Related violations: <none>

DPIP-1#78 Warning
Input pipelining  
DSP pixel_unit/qmul_return0__40 input pixel_unit/qmul_return0__40/B[17:0] is not pipelined. Pipelining DSP48 input will improve performance.
Related violations: <none>

DPIP-1#79 Warning
Input pipelining  
DSP pixel_unit/qmul_return0__41 input pixel_unit/qmul_return0__41/A[29:0] is not pipelined. Pipelining DSP48 input will improve performance.
Related violations: <none>

DPIP-1#80 Warning
Input pipelining  
DSP pixel_unit/qmul_return0__41 input pixel_unit/qmul_return0__41/B[17:0] is not pipelined. Pipelining DSP48 input will improve performance.
Related violations: <none>

DPIP-1#81 Warning
Input pipelining  
DSP pixel_unit/qmul_return0__42 input pixel_unit/qmul_return0__42/A[29:0] is not pipelined. Pipelining DSP48 input will improve performance.
Related violations: <none>

DPIP-1#82 Warning
Input pipelining  
DSP pixel_unit/qmul_return0__42 input pixel_unit/qmul_return0__42/B[17:0] is not pipelined. Pipelining DSP48 input will improve performance.
Related violations: <none>

DPIP-1#83 Warning
Input pipelining  
DSP pixel_unit/qmul_return0__43 input pixel_unit/qmul_return0__43/A[29:0] is not pipelined. Pipelining DSP48 input will improve performance.
Related violations: <none>

DPIP-1#84 Warning
Input pipelining  
DSP pixel_unit/qmul_return0__43 input pixel_unit/qmul_return0__43/B[17:0] is not pipelined. Pipelining DSP48 input will improve performance.
Related violations: <none>

DPIP-1#85 Warning
Input pipelining  
DSP pixel_unit/qmul_return0__44 input pixel_unit/qmul_return0__44/A[29:0] is not pipelined. Pipelining DSP48 input will improve performance.
Related violations: <none>

DPIP-1#86 Warning
Input pipelining  
DSP pixel_unit/qmul_return0__44 input pixel_unit/qmul_return0__44/B[17:0] is not pipelined. Pipelining DSP48 input will improve performance.
Related violations: <none>

DPIP-1#87 Warning
Input pipelining  
DSP pixel_unit/qmul_return0__45 input pixel_unit/qmul_return0__45/A[29:0] is not pipelined. Pipelining DSP48 input will improve performance.
Related violations: <none>

DPIP-1#88 Warning
Input pipelining  
DSP pixel_unit/qmul_return0__45 input pixel_unit/qmul_return0__45/B[17:0] is not pipelined. Pipelining DSP48 input will improve performance.
Related violations: <none>

DPIP-1#89 Warning
Input pipelining  
DSP pixel_unit/qmul_return0__46 input pixel_unit/qmul_return0__46/A[29:0] is not pipelined. Pipelining DSP48 input will improve performance.
Related violations: <none>

DPIP-1#90 Warning
Input pipelining  
DSP pixel_unit/qmul_return0__46 input pixel_unit/qmul_return0__46/B[17:0] is not pipelined. Pipelining DSP48 input will improve performance.
Related violations: <none>

DPIP-1#91 Warning
Input pipelining  
DSP pixel_unit/qmul_return0__5 input pixel_unit/qmul_return0__5/A[29:0] is not pipelined. Pipelining DSP48 input will improve performance.
Related violations: <none>

DPIP-1#92 Warning
Input pipelining  
DSP pixel_unit/qmul_return0__5 input pixel_unit/qmul_return0__5/B[17:0] is not pipelined. Pipelining DSP48 input will improve performance.
Related violations: <none>

DPIP-1#93 Warning
Input pipelining  
DSP pixel_unit/qmul_return0__6 input pixel_unit/qmul_return0__6/A[29:0] is not pipelined. Pipelining DSP48 input will improve performance.
Related violations: <none>

DPIP-1#94 Warning
Input pipelining  
DSP pixel_unit/qmul_return0__6 input pixel_unit/qmul_return0__6/B[17:0] is not pipelined. Pipelining DSP48 input will improve performance.
Related violations: <none>

DPIP-1#95 Warning
Input pipelining  
DSP pixel_unit/qmul_return0__7 input pixel_unit/qmul_return0__7/A[29:0] is not pipelined. Pipelining DSP48 input will improve performance.
Related violations: <none>

DPIP-1#96 Warning
Input pipelining  
DSP pixel_unit/qmul_return0__7 input pixel_unit/qmul_return0__7/B[17:0] is not pipelined. Pipelining DSP48 input will improve performance.
Related violations: <none>

DPIP-1#97 Warning
Input pipelining  
DSP pixel_unit/qmul_return0__8 input pixel_unit/qmul_return0__8/A[29:0] is not pipelined. Pipelining DSP48 input will improve performance.
Related violations: <none>

DPIP-1#98 Warning
Input pipelining  
DSP pixel_unit/qmul_return0__8 input pixel_unit/qmul_return0__8/B[17:0] is not pipelined. Pipelining DSP48 input will improve performance.
Related violations: <none>

DPIP-1#99 Warning
Input pipelining  
DSP pixel_unit/qmul_return0__9 input pixel_unit/qmul_return0__9/A[29:0] is not pipelined. Pipelining DSP48 input will improve performance.
Related violations: <none>

DPIP-1#100 Warning
Input pipelining  
DSP pixel_unit/qmul_return0__9 input pixel_unit/qmul_return0__9/B[17:0] is not pipelined. Pipelining DSP48 input will improve performance.
Related violations: <none>

DPIP-1#101 Warning
Input pipelining  
DSP zoom_unit/im_start_zoomed0 input zoom_unit/im_start_zoomed0/A[29:0] is not pipelined. Pipelining DSP48 input will improve performance.
Related violations: <none>

DPIP-1#102 Warning
Input pipelining  
DSP zoom_unit/im_start_zoomed0 input zoom_unit/im_start_zoomed0/B[17:0] is not pipelined. Pipelining DSP48 input will improve performance.
Related violations: <none>

DPIP-1#103 Warning
Input pipelining  
DSP zoom_unit/im_start_zoomed0__0 input zoom_unit/im_start_zoomed0__0/A[29:0] is not pipelined. Pipelining DSP48 input will improve performance.
Related violations: <none>

DPIP-1#104 Warning
Input pipelining  
DSP zoom_unit/im_start_zoomed0__0 input zoom_unit/im_start_zoomed0__0/B[17:0] is not pipelined. Pipelining DSP48 input will improve performance.
Related violations: <none>

DPIP-1#105 Warning
Input pipelining  
DSP zoom_unit/im_start_zoomed0__1 input zoom_unit/im_start_zoomed0__1/A[29:0] is not pipelined. Pipelining DSP48 input will improve performance.
Related violations: <none>

DPIP-1#106 Warning
Input pipelining  
DSP zoom_unit/im_start_zoomed0__1 input zoom_unit/im_start_zoomed0__1/B[17:0] is not pipelined. Pipelining DSP48 input will improve performance.
Related violations: <none>

DPIP-1#107 Warning
Input pipelining  
DSP zoom_unit/im_start_zoomed0__2 input zoom_unit/im_start_zoomed0__2/A[29:0] is not pipelined. Pipelining DSP48 input will improve performance.
Related violations: <none>

DPIP-1#108 Warning
Input pipelining  
DSP zoom_unit/im_start_zoomed0__2 input zoom_unit/im_start_zoomed0__2/B[17:0] is not pipelined. Pipelining DSP48 input will improve performance.
Related violations: <none>

DPIP-1#109 Warning
Input pipelining  
DSP zoom_unit/re_start_zoomed0 input zoom_unit/re_start_zoomed0/A[29:0] is not pipelined. Pipelining DSP48 input will improve performance.
Related violations: <none>

DPIP-1#110 Warning
Input pipelining  
DSP zoom_unit/re_start_zoomed0 input zoom_unit/re_start_zoomed0/B[17:0] is not pipelined. Pipelining DSP48 input will improve performance.
Related violations: <none>

DPIP-1#111 Warning
Input pipelining  
DSP zoom_unit/re_start_zoomed0__0 input zoom_unit/re_start_zoomed0__0/A[29:0] is not pipelined. Pipelining DSP48 input will improve performance.
Related violations: <none>

DPIP-1#112 Warning
Input pipelining  
DSP zoom_unit/re_start_zoomed0__0 input zoom_unit/re_start_zoomed0__0/B[17:0] is not pipelined. Pipelining DSP48 input will improve performance.
Related violations: <none>

DPIP-1#113 Warning
Input pipelining  
DSP zoom_unit/re_start_zoomed0__1 input zoom_unit/re_start_zoomed0__1/A[29:0] is not pipelined. Pipelining DSP48 input will improve performance.
Related violations: <none>

DPIP-1#114 Warning
Input pipelining  
DSP zoom_unit/re_start_zoomed0__1 input zoom_unit/re_start_zoomed0__1/B[17:0] is not pipelined. Pipelining DSP48 input will improve performance.
Related violations: <none>

DPIP-1#115 Warning
Input pipelining  
DSP zoom_unit/re_start_zoomed0__2 input zoom_unit/re_start_zoomed0__2/A[29:0] is not pipelined. Pipelining DSP48 input will improve performance.
Related violations: <none>

DPIP-1#116 Warning
Input pipelining  
DSP zoom_unit/re_start_zoomed0__2 input zoom_unit/re_start_zoomed0__2/B[17:0] is not pipelined. Pipelining DSP48 input will improve performance.
Related violations: <none>

REQP-1839#1 Warning
RAMB36 async control check  
The RAMB36E1 memory_unit/ram_reg_0_3 has an input control pin memory_unit/ram_reg_0_3/ADDRBWRADDR[14] (net: memory_unit/mem_display_addr[14]) which is driven by a register (vga_unit/h_count_reg_reg[6]) that has an active asychronous set or reset. This may cause corruption of the memory contents and/or read values when the set/reset is asserted and is not analyzed by the default static timing analysis. It is suggested to eliminate the use of a set/reset to registers driving this RAMB pin or else use a synchronous reset in which the assertion of the reset is timed by default.
Related violations: <none>

REQP-1839#2 Warning
RAMB36 async control check  
The RAMB36E1 memory_unit/ram_reg_0_3 has an input control pin memory_unit/ram_reg_0_3/ADDRBWRADDR[14] (net: memory_unit/mem_display_addr[14]) which is driven by a register (vga_unit/h_count_reg_reg[7]) that has an active asychronous set or reset. This may cause corruption of the memory contents and/or read values when the set/reset is asserted and is not analyzed by the default static timing analysis. It is suggested to eliminate the use of a set/reset to registers driving this RAMB pin or else use a synchronous reset in which the assertion of the reset is timed by default.
Related violations: <none>

REQP-1839#3 Warning
RAMB36 async control check  
The RAMB36E1 memory_unit/ram_reg_0_3 has an input control pin memory_unit/ram_reg_0_3/ADDRBWRADDR[14] (net: memory_unit/mem_display_addr[14]) which is driven by a register (vga_unit/h_count_reg_reg[8]) that has an active asychronous set or reset. This may cause corruption of the memory contents and/or read values when the set/reset is asserted and is not analyzed by the default static timing analysis. It is suggested to eliminate the use of a set/reset to registers driving this RAMB pin or else use a synchronous reset in which the assertion of the reset is timed by default.
Related violations: <none>

REQP-1839#4 Warning
RAMB36 async control check  
The RAMB36E1 memory_unit/ram_reg_0_3 has an input control pin memory_unit/ram_reg_0_3/ADDRBWRADDR[14] (net: memory_unit/mem_display_addr[14]) which is driven by a register (vga_unit/h_count_reg_reg[9]) that has an active asychronous set or reset. This may cause corruption of the memory contents and/or read values when the set/reset is asserted and is not analyzed by the default static timing analysis. It is suggested to eliminate the use of a set/reset to registers driving this RAMB pin or else use a synchronous reset in which the assertion of the reset is timed by default.
Related violations: <none>

REQP-1839#5 Warning
RAMB36 async control check  
The RAMB36E1 memory_unit/ram_reg_0_3 has an input control pin memory_unit/ram_reg_0_3/ADDRBWRADDR[14] (net: memory_unit/mem_display_addr[14]) which is driven by a register (vga_unit/v_count_reg_reg[4]) that has an active asychronous set or reset. This may cause corruption of the memory contents and/or read values when the set/reset is asserted and is not analyzed by the default static timing analysis. It is suggested to eliminate the use of a set/reset to registers driving this RAMB pin or else use a synchronous reset in which the assertion of the reset is timed by default.
Related violations: <none>

REQP-1839#6 Warning
RAMB36 async control check  
The RAMB36E1 memory_unit/ram_reg_0_3 has an input control pin memory_unit/ram_reg_0_3/ADDRBWRADDR[14] (net: memory_unit/mem_display_addr[14]) which is driven by a register (vga_unit/v_count_reg_reg[5]) that has an active asychronous set or reset. This may cause corruption of the memory contents and/or read values when the set/reset is asserted and is not analyzed by the default static timing analysis. It is suggested to eliminate the use of a set/reset to registers driving this RAMB pin or else use a synchronous reset in which the assertion of the reset is timed by default.
Related violations: <none>

REQP-1839#7 Warning
RAMB36 async control check  
The RAMB36E1 memory_unit/ram_reg_0_3 has an input control pin memory_unit/ram_reg_0_3/ADDRBWRADDR[14] (net: memory_unit/mem_display_addr[14]) which is driven by a register (vga_unit/v_count_reg_reg[6]) that has an active asychronous set or reset. This may cause corruption of the memory contents and/or read values when the set/reset is asserted and is not analyzed by the default static timing analysis. It is suggested to eliminate the use of a set/reset to registers driving this RAMB pin or else use a synchronous reset in which the assertion of the reset is timed by default.
Related violations: <none>

REQP-1839#8 Warning
RAMB36 async control check  
The RAMB36E1 memory_unit/ram_reg_0_3 has an input control pin memory_unit/ram_reg_0_3/ADDRBWRADDR[14] (net: memory_unit/mem_display_addr[14]) which is driven by a register (vga_unit/v_count_reg_reg[7]) that has an active asychronous set or reset. This may cause corruption of the memory contents and/or read values when the set/reset is asserted and is not analyzed by the default static timing analysis. It is suggested to eliminate the use of a set/reset to registers driving this RAMB pin or else use a synchronous reset in which the assertion of the reset is timed by default.
Related violations: <none>

REQP-1839#9 Warning
RAMB36 async control check  
The RAMB36E1 memory_unit/ram_reg_0_3 has an input control pin memory_unit/ram_reg_0_3/ADDRBWRADDR[14] (net: memory_unit/mem_display_addr[14]) which is driven by a register (vga_unit/v_count_reg_reg[8]) that has an active asychronous set or reset. This may cause corruption of the memory contents and/or read values when the set/reset is asserted and is not analyzed by the default static timing analysis. It is suggested to eliminate the use of a set/reset to registers driving this RAMB pin or else use a synchronous reset in which the assertion of the reset is timed by default.
Related violations: <none>

REQP-1839#10 Warning
RAMB36 async control check  
The RAMB36E1 memory_unit/ram_reg_0_3 has an input control pin memory_unit/ram_reg_0_3/ADDRBWRADDR[14] (net: memory_unit/mem_display_addr[14]) which is driven by a register (vga_unit/v_count_reg_reg[9]) that has an active asychronous set or reset. This may cause corruption of the memory contents and/or read values when the set/reset is asserted and is not analyzed by the default static timing analysis. It is suggested to eliminate the use of a set/reset to registers driving this RAMB pin or else use a synchronous reset in which the assertion of the reset is timed by default.
Related violations: <none>

REQP-1839#11 Warning
RAMB36 async control check  
The RAMB36E1 memory_unit/ram_reg_0_3 has an input control pin memory_unit/ram_reg_0_3/ADDRBWRADDR[15] (net: memory_unit/mem_display_addr[15]) which is driven by a register (vga_unit/h_count_reg_reg[6]) that has an active asychronous set or reset. This may cause corruption of the memory contents and/or read values when the set/reset is asserted and is not analyzed by the default static timing analysis. It is suggested to eliminate the use of a set/reset to registers driving this RAMB pin or else use a synchronous reset in which the assertion of the reset is timed by default.
Related violations: <none>

REQP-1839#12 Warning
RAMB36 async control check  
The RAMB36E1 memory_unit/ram_reg_0_3 has an input control pin memory_unit/ram_reg_0_3/ADDRBWRADDR[15] (net: memory_unit/mem_display_addr[15]) which is driven by a register (vga_unit/h_count_reg_reg[7]) that has an active asychronous set or reset. This may cause corruption of the memory contents and/or read values when the set/reset is asserted and is not analyzed by the default static timing analysis. It is suggested to eliminate the use of a set/reset to registers driving this RAMB pin or else use a synchronous reset in which the assertion of the reset is timed by default.
Related violations: <none>

REQP-1839#13 Warning
RAMB36 async control check  
The RAMB36E1 memory_unit/ram_reg_0_3 has an input control pin memory_unit/ram_reg_0_3/ADDRBWRADDR[15] (net: memory_unit/mem_display_addr[15]) which is driven by a register (vga_unit/h_count_reg_reg[8]) that has an active asychronous set or reset. This may cause corruption of the memory contents and/or read values when the set/reset is asserted and is not analyzed by the default static timing analysis. It is suggested to eliminate the use of a set/reset to registers driving this RAMB pin or else use a synchronous reset in which the assertion of the reset is timed by default.
Related violations: <none>

REQP-1839#14 Warning
RAMB36 async control check  
The RAMB36E1 memory_unit/ram_reg_0_3 has an input control pin memory_unit/ram_reg_0_3/ADDRBWRADDR[15] (net: memory_unit/mem_display_addr[15]) which is driven by a register (vga_unit/h_count_reg_reg[9]) that has an active asychronous set or reset. This may cause corruption of the memory contents and/or read values when the set/reset is asserted and is not analyzed by the default static timing analysis. It is suggested to eliminate the use of a set/reset to registers driving this RAMB pin or else use a synchronous reset in which the assertion of the reset is timed by default.
Related violations: <none>

REQP-1839#15 Warning
RAMB36 async control check  
The RAMB36E1 memory_unit/ram_reg_0_3 has an input control pin memory_unit/ram_reg_0_3/ADDRBWRADDR[15] (net: memory_unit/mem_display_addr[15]) which is driven by a register (vga_unit/v_count_reg_reg[4]) that has an active asychronous set or reset. This may cause corruption of the memory contents and/or read values when the set/reset is asserted and is not analyzed by the default static timing analysis. It is suggested to eliminate the use of a set/reset to registers driving this RAMB pin or else use a synchronous reset in which the assertion of the reset is timed by default.
Related violations: <none>

REQP-1839#16 Warning
RAMB36 async control check  
The RAMB36E1 memory_unit/ram_reg_0_3 has an input control pin memory_unit/ram_reg_0_3/ADDRBWRADDR[15] (net: memory_unit/mem_display_addr[15]) which is driven by a register (vga_unit/v_count_reg_reg[5]) that has an active asychronous set or reset. This may cause corruption of the memory contents and/or read values when the set/reset is asserted and is not analyzed by the default static timing analysis. It is suggested to eliminate the use of a set/reset to registers driving this RAMB pin or else use a synchronous reset in which the assertion of the reset is timed by default.
Related violations: <none>

REQP-1839#17 Warning
RAMB36 async control check  
The RAMB36E1 memory_unit/ram_reg_0_3 has an input control pin memory_unit/ram_reg_0_3/ADDRBWRADDR[15] (net: memory_unit/mem_display_addr[15]) which is driven by a register (vga_unit/v_count_reg_reg[6]) that has an active asychronous set or reset. This may cause corruption of the memory contents and/or read values when the set/reset is asserted and is not analyzed by the default static timing analysis. It is suggested to eliminate the use of a set/reset to registers driving this RAMB pin or else use a synchronous reset in which the assertion of the reset is timed by default.
Related violations: <none>

REQP-1839#18 Warning
RAMB36 async control check  
The RAMB36E1 memory_unit/ram_reg_0_3 has an input control pin memory_unit/ram_reg_0_3/ADDRBWRADDR[15] (net: memory_unit/mem_display_addr[15]) which is driven by a register (vga_unit/v_count_reg_reg[7]) that has an active asychronous set or reset. This may cause corruption of the memory contents and/or read values when the set/reset is asserted and is not analyzed by the default static timing analysis. It is suggested to eliminate the use of a set/reset to registers driving this RAMB pin or else use a synchronous reset in which the assertion of the reset is timed by default.
Related violations: <none>

REQP-1839#19 Warning
RAMB36 async control check  
The RAMB36E1 memory_unit/ram_reg_0_3 has an input control pin memory_unit/ram_reg_0_3/ADDRBWRADDR[15] (net: memory_unit/mem_display_addr[15]) which is driven by a register (vga_unit/v_count_reg_reg[8]) that has an active asychronous set or reset. This may cause corruption of the memory contents and/or read values when the set/reset is asserted and is not analyzed by the default static timing analysis. It is suggested to eliminate the use of a set/reset to registers driving this RAMB pin or else use a synchronous reset in which the assertion of the reset is timed by default.
Related violations: <none>

REQP-1839#20 Warning
RAMB36 async control check  
The RAMB36E1 memory_unit/ram_reg_0_3 has an input control pin memory_unit/ram_reg_0_3/ADDRBWRADDR[15] (net: memory_unit/mem_display_addr[15]) which is driven by a register (vga_unit/v_count_reg_reg[9]) that has an active asychronous set or reset. This may cause corruption of the memory contents and/or read values when the set/reset is asserted and is not analyzed by the default static timing analysis. It is suggested to eliminate the use of a set/reset to registers driving this RAMB pin or else use a synchronous reset in which the assertion of the reset is timed by default.
Related violations: <none>


