
*** Running vivado
    with args -log testbench.vdi -applog -m64 -product Vivado -messageDb vivado.pb -mode batch -source testbench.tcl -notrace


****** Vivado v2025.1 (64-bit)
  **** SW Build 6140274 on Wed May 21 22:58:25 MDT 2025
  **** IP Build 6138677 on Thu May 22 03:10:11 MDT 2025
  **** SharedData Build 6139179 on Tue May 20 17:58:58 MDT 2025
  **** Start of session at: Thu Oct  2 23:32:43 2025
    ** Copyright 1986-2022 Xilinx, Inc. All Rights Reserved.
    ** Copyright 2022-2025 Advanced Micro Devices, Inc. All Rights Reserved.

source testbench.tcl -notrace
Command: link_design -top testbench -part xc7s50csga324-1
Design is defaulting to srcset: sources_1
Design is defaulting to constrset: constrs_1
INFO: [Device 21-403] Loading part xc7s50csga324-1
Netlist sorting complete. Time (s): cpu = 00:00:00 ; elapsed = 00:00:00 . Memory (MB): peak = 1637.777 ; gain = 0.000 ; free physical = 29532 ; free virtual = 85949
INFO: [Project 1-479] Netlist was created with Vivado 2025.1
INFO: [Project 1-570] Preparing netlist for logic optimization
Netlist sorting complete. Time (s): cpu = 00:00:00 ; elapsed = 00:00:00 . Memory (MB): peak = 1705.559 ; gain = 0.000 ; free physical = 29468 ; free virtual = 85885
INFO: [Project 1-111] Unisim Transformation Summary:
No Unisim elements were transformed.

4 Infos, 0 Warnings, 0 Critical Warnings and 0 Errors encountered.
link_design completed successfully
Command: opt_design
Attempting to get a license for feature 'Implementation' and/or device 'xc7s50'
INFO: [Common 17-349] Got license for feature 'Implementation' and/or device 'xc7s50'
Running DRC as a precondition to command opt_design

Starting DRC Task
INFO: [DRC 23-27] Running DRC with 8 threads
INFO: [Project 1-461] DRC finished with 0 Errors
INFO: [Project 1-462] Please refer to the DRC report (report_drc) for more information.

Time (s): cpu = 00:00:00.28 ; elapsed = 00:00:00.31 . Memory (MB): peak = 1770.355 ; gain = 64.762 ; free physical = 29445 ; free virtual = 85863

Starting Cache Timing Information Task
INFO: [Timing 38-35] Done setting XDC timing constraints.
Ending Cache Timing Information Task | Checksum: f6305edb

Time (s): cpu = 00:00:05 ; elapsed = 00:00:05 . Memory (MB): peak = 2116.035 ; gain = 345.680 ; free physical = 29069 ; free virtual = 85509

Starting Logic Optimization Task

Phase 1 Initialization

Phase 1.1 Core Generation And Design Setup
Phase 1.1 Core Generation And Design Setup | Checksum: f6305edb

Time (s): cpu = 00:00:00 ; elapsed = 00:00:00 . Memory (MB): peak = 2473.902 ; gain = 0.000 ; free physical = 28706 ; free virtual = 85147

Phase 1.2 Setup Constraints And Sort Netlist
Phase 1.2 Setup Constraints And Sort Netlist | Checksum: f6305edb

Time (s): cpu = 00:00:00 ; elapsed = 00:00:00 . Memory (MB): peak = 2473.902 ; gain = 0.000 ; free physical = 28706 ; free virtual = 85147
Phase 1 Initialization | Checksum: f6305edb

Time (s): cpu = 00:00:00 ; elapsed = 00:00:00 . Memory (MB): peak = 2473.902 ; gain = 0.000 ; free physical = 28706 ; free virtual = 85147

Phase 2 Timer Update And Timing Data Collection

Phase 2.1 Timer Update
Phase 2.1 Timer Update | Checksum: f6305edb

Time (s): cpu = 00:00:00 ; elapsed = 00:00:00 . Memory (MB): peak = 2473.902 ; gain = 0.000 ; free physical = 28706 ; free virtual = 85147

Phase 2.2 Timing Data Collection
Phase 2.2 Timing Data Collection | Checksum: f6305edb

Time (s): cpu = 00:00:00.01 ; elapsed = 00:00:00 . Memory (MB): peak = 2473.902 ; gain = 0.000 ; free physical = 28706 ; free virtual = 85147
Phase 2 Timer Update And Timing Data Collection | Checksum: f6305edb

Time (s): cpu = 00:00:00.01 ; elapsed = 00:00:00 . Memory (MB): peak = 2473.902 ; gain = 0.000 ; free physical = 28706 ; free virtual = 85147

Phase 3 Retarget
INFO: [Opt 31-1851] Number of loadless carry chains removed were: 0
INFO: [Opt 31-1834] Total Chains To Be Transformed Were: 0 AND Number of Transformed insts Created are: 0
INFO: [Opt 31-138] Pushed 0 inverter(s) to 0 load pin(s).
INFO: [Opt 31-49] Retargeted 0 cell(s).
Phase 3 Retarget | Checksum: f6305edb

Time (s): cpu = 00:00:00.02 ; elapsed = 00:00:00.02 . Memory (MB): peak = 2473.902 ; gain = 0.000 ; free physical = 28706 ; free virtual = 85147
Retarget | Checksum: f6305edb
INFO: [Opt 31-389] Phase Retarget created 0 cells and removed 0 cells

Phase 4 Constant propagation
INFO: [Opt 31-138] Pushed 0 inverter(s) to 0 load pin(s).
Phase 4 Constant propagation | Checksum: f6305edb

Time (s): cpu = 00:00:00.02 ; elapsed = 00:00:00.02 . Memory (MB): peak = 2473.902 ; gain = 0.000 ; free physical = 28706 ; free virtual = 85147
Constant propagation | Checksum: f6305edb
INFO: [Opt 31-389] Phase Constant propagation created 0 cells and removed 0 cells

Phase 5 Sweep
INFO: [Constraints 18-11670] Building netlist checker database with flags, 0x8
Done building netlist checker database: Time (s): cpu = 00:00:00 ; elapsed = 00:00:00 . Memory (MB): peak = 2473.902 ; gain = 0.000 ; free physical = 28706 ; free virtual = 85147
Phase 5 Sweep | Checksum: f6305edb

Time (s): cpu = 00:00:00.02 ; elapsed = 00:00:00.02 . Memory (MB): peak = 2473.902 ; gain = 0.000 ; free physical = 28706 ; free virtual = 85147
Sweep | Checksum: f6305edb
INFO: [Opt 31-389] Phase Sweep created 0 cells and removed 0 cells

Phase 6 BUFG optimization
Phase 6 BUFG optimization | Checksum: f6305edb

Time (s): cpu = 00:00:00.03 ; elapsed = 00:00:00.03 . Memory (MB): peak = 2505.918 ; gain = 32.016 ; free physical = 28706 ; free virtual = 85147
BUFG optimization | Checksum: f6305edb
INFO: [Opt 31-662] Phase BUFG optimization created 0 cells of which 0 are BUFGs and removed 0 cells.

Phase 7 Shift Register Optimization
INFO: [Opt 31-1064] SRL Remap converted 0 SRLs to 0 registers and converted 0 registers of register chains to 0 SRLs
Phase 7 Shift Register Optimization | Checksum: f6305edb

Time (s): cpu = 00:00:00.03 ; elapsed = 00:00:00.03 . Memory (MB): peak = 2505.918 ; gain = 32.016 ; free physical = 28706 ; free virtual = 85147
Shift Register Optimization | Checksum: f6305edb
INFO: [Opt 31-389] Phase Shift Register Optimization created 0 cells and removed 0 cells

Phase 8 Post Processing Netlist
Phase 8 Post Processing Netlist | Checksum: f6305edb

Time (s): cpu = 00:00:00.03 ; elapsed = 00:00:00.03 . Memory (MB): peak = 2505.918 ; gain = 32.016 ; free physical = 28706 ; free virtual = 85147
Post Processing Netlist | Checksum: f6305edb
INFO: [Opt 31-389] Phase Post Processing Netlist created 0 cells and removed 0 cells

Phase 9 Finalization

Phase 9.1 Finalizing Design Cores and Updating Shapes
Phase 9.1 Finalizing Design Cores and Updating Shapes | Checksum: f6305edb

Time (s): cpu = 00:00:00.03 ; elapsed = 00:00:00.03 . Memory (MB): peak = 2505.918 ; gain = 32.016 ; free physical = 28706 ; free virtual = 85147

Phase 9.2 Verifying Netlist Connectivity

Starting Connectivity Check Task

Time (s): cpu = 00:00:00 ; elapsed = 00:00:00 . Memory (MB): peak = 2505.918 ; gain = 0.000 ; free physical = 28706 ; free virtual = 85147
Phase 9.2 Verifying Netlist Connectivity | Checksum: f6305edb

Time (s): cpu = 00:00:00.03 ; elapsed = 00:00:00.03 . Memory (MB): peak = 2505.918 ; gain = 32.016 ; free physical = 28706 ; free virtual = 85147
Phase 9 Finalization | Checksum: f6305edb

Time (s): cpu = 00:00:00.03 ; elapsed = 00:00:00.03 . Memory (MB): peak = 2505.918 ; gain = 32.016 ; free physical = 28706 ; free virtual = 85147
Opt_design Change Summary
=========================


-------------------------------------------------------------------------------------------------------------------------
|  Phase                        |  #Cells created  |  #Cells Removed  |  #Constrained objects preventing optimizations  |
-------------------------------------------------------------------------------------------------------------------------
|  Retarget                     |               0  |               0  |                                              0  |
|  Constant propagation         |               0  |               0  |                                              0  |
|  Sweep                        |               0  |               0  |                                              0  |
|  BUFG optimization            |               0  |               0  |                                              0  |
|  Shift Register Optimization  |               0  |               0  |                                              0  |
|  Post Processing Netlist      |               0  |               0  |                                              0  |
-------------------------------------------------------------------------------------------------------------------------


Ending Logic Optimization Task | Checksum: f6305edb

Time (s): cpu = 00:00:00.03 ; elapsed = 00:00:00.03 . Memory (MB): peak = 2505.918 ; gain = 32.016 ; free physical = 28706 ; free virtual = 85147

Starting Power Optimization Task
INFO: [Pwropt 34-132] Skipping clock gating for clocks with a period < 2.00 ns.
Ending Power Optimization Task | Checksum: f6305edb

Time (s): cpu = 00:00:00 ; elapsed = 00:00:00.01 . Memory (MB): peak = 2505.918 ; gain = 0.000 ; free physical = 28706 ; free virtual = 85147

Starting Final Cleanup Task
Ending Final Cleanup Task | Checksum: f6305edb

Time (s): cpu = 00:00:00 ; elapsed = 00:00:00 . Memory (MB): peak = 2505.918 ; gain = 0.000 ; free physical = 28706 ; free virtual = 85147

Starting Netlist Obfuscation Task
Netlist sorting complete. Time (s): cpu = 00:00:00 ; elapsed = 00:00:00 . Memory (MB): peak = 2505.918 ; gain = 0.000 ; free physical = 28706 ; free virtual = 85147
Ending Netlist Obfuscation Task | Checksum: f6305edb

Time (s): cpu = 00:00:00.01 ; elapsed = 00:00:00 . Memory (MB): peak = 2505.918 ; gain = 0.000 ; free physical = 28706 ; free virtual = 85147
INFO: [Common 17-83] Releasing license: Implementation
24 Infos, 0 Warnings, 0 Critical Warnings and 0 Errors encountered.
opt_design completed successfully
opt_design: Time (s): cpu = 00:00:07 ; elapsed = 00:00:07 . Memory (MB): peak = 2505.918 ; gain = 800.324 ; free physical = 28706 ; free virtual = 85147
INFO: [Vivado 12-24828] Executing command : report_drc -file testbench_drc_opted.rpt -pb testbench_drc_opted.pb -rpx testbench_drc_opted.rpx
Command: report_drc -file testbench_drc_opted.rpt -pb testbench_drc_opted.pb -rpx testbench_drc_opted.rpx
INFO: [IP_Flow 19-234] Refreshing IP repositories
INFO: [IP_Flow 19-1704] No user IP repositories specified
INFO: [IP_Flow 19-2313] Loaded Vivado IP repository '/home/filthyfil/Applications/Vivado/2025.1/Vivado/data/ip'.
INFO: [DRC 23-27] Running DRC with 8 threads
INFO: [Vivado_Tcl 2-168] The results of DRC are in file /home/filthyfil/FPGA/multifunction_barrel_shifter/multifunction_barrel_shifter.runs/impl_1/testbench_drc_opted.rpt.
report_drc completed successfully
INFO: [Common 17-1381] The checkpoint '/home/filthyfil/FPGA/multifunction_barrel_shifter/multifunction_barrel_shifter.runs/impl_1/testbench_opt.dcp' has been generated.
Command: place_design
Attempting to get a license for feature 'Implementation' and/or device 'xc7s50'
INFO: [Common 17-349] Got license for feature 'Implementation' and/or device 'xc7s50'
INFO: [Common 17-83] Releasing license: Implementation
INFO: [DRC 23-27] Running DRC with 8 threads
INFO: [Vivado_Tcl 4-198] DRC finished with 0 Errors
INFO: [Vivado_Tcl 4-199] Please refer to the DRC report (report_drc) for more information.
Running DRC as a precondition to command place_design
INFO: [DRC 23-27] Running DRC with 8 threads
INFO: [Vivado_Tcl 4-198] DRC finished with 0 Errors
INFO: [Vivado_Tcl 4-199] Please refer to the DRC report (report_drc) for more information.
INFO: [Place 30-611] Multithreading enabled for place_design using a maximum of 8 CPUs

Starting Placer Task

Phase 1 Placer Initialization

Phase 1.1 Placer Initialization Netlist Sorting
Netlist sorting complete. Time (s): cpu = 00:00:00 ; elapsed = 00:00:00 . Memory (MB): peak = 2526.730 ; gain = 0.000 ; free physical = 28675 ; free virtual = 85117
Phase 1.1 Placer Initialization Netlist Sorting | Checksum: aa913336

Time (s): cpu = 00:00:00 ; elapsed = 00:00:00 . Memory (MB): peak = 2526.730 ; gain = 0.000 ; free physical = 28675 ; free virtual = 85117
Phase 1 Placer Initialization | Checksum: aa913336

Time (s): cpu = 00:00:00 ; elapsed = 00:00:00.01 . Memory (MB): peak = 2526.730 ; gain = 0.000 ; free physical = 28673 ; free virtual = 85116
ERROR: [Place 30-494] The design is empty
Resolution: Check if opt_design has removed all the leaf cells of your design.  Check whether you have instantiated and connected all of the top level ports.
Ending Placer Task | Checksum: aa913336

Time (s): cpu = 00:00:00 ; elapsed = 00:00:00.01 . Memory (MB): peak = 2526.730 ; gain = 0.000 ; free physical = 28673 ; free virtual = 85116
40 Infos, 0 Warnings, 0 Critical Warnings and 2 Errors encountered.
place_design failed
ERROR: [Common 17-69] Command failed: Placer could not place all instances
INFO: [Common 17-206] Exiting Vivado at Thu Oct  2 23:32:58 2025...
