Time resolution is 1 ps
Time (ns)	LED[5:2]	SW	TX	RX
0	xxxx	3	1	1
1235000	xxxx	3	0	0
52365000	xxxx	3	1	1
156685000	xxxx	3	0	0
261005000	xxxx	3	1	1
365325000	xxxx	3	0	0
469645000	xxxx	3	1	1
495715000	0011	3	1	1
495725000	xxxx	3	1	1
601215000	xxxx	a	1	1
601245000	xxxx	a	0	0
704365000	xxxx	a	1	1
756525000	xxxx	a	0	0
808685000	xxxx	a	1	1
860845000	xxxx	a	0	0
913005000	xxxx	a	1	1
965165000	xxxx	a	0	0
1017325000	xxxx	a	1	1
1095555000	1010	a	1	1
1095565000	xxxx	a	1	1
1201225000	xxxx	b	1	1
1201255000	xxxx	b	0	0
1252045000	xxxx	b	1	1
1356365000	xxxx	b	0	0
1408525000	xxxx	b	1	1
1565005000	xxxx	b	0	0
1617165000	xxxx	b	1	1
1695395000	1011	b	1	1
1695405000	xxxx	b	1	1
$finish called at time : 1801235 ns : File "/home/filthyfil/FPGA/UART/UART.srcs/sources_1/new/testbench.v" Line 77
