
*** Running vivado
    with args -log uart_test.vdi -applog -m64 -product Vivado -messageDb vivado.pb -mode batch -source uart_test.tcl -notrace


****** Vivado v2025.1 (64-bit)
  **** SW Build 6140274 on Wed May 21 22:58:25 MDT 2025
  **** IP Build 6138677 on Thu May 22 03:10:11 MDT 2025
  **** SharedData Build 6139179 on Tue May 20 17:58:58 MDT 2025
  **** Start of session at: Thu Oct 30 16:43:11 2025
    ** Copyright 1986-2022 Xilinx, Inc. All Rights Reserved.
    ** Copyright 2022-2025 Advanced Micro Devices, Inc. All Rights Reserved.

source uart_test.tcl -notrace
Command: link_design -top uart_test -part xc7s50csga324-1
Design is defaulting to srcset: sources_1
Design is defaulting to constrset: constrs_1
INFO: [Device 21-403] Loading part xc7s50csga324-1
Netlist sorting complete. Time (s): cpu = 00:00:00 ; elapsed = 00:00:00 . Memory (MB): peak = 1648.461 ; gain = 0.000 ; free physical = 28473 ; free virtual = 86764
INFO: [Netlist 29-17] Analyzing 11 Unisim elements for replacement
INFO: [Netlist 29-28] Unisim Transformation completed in 0 CPU seconds
INFO: [Project 1-479] Netlist was created with Vivado 2025.1
INFO: [Project 1-570] Preparing netlist for logic optimization
Parsing XDC File [/home/filthyfil/FPGA/UART/UART.srcs/constrs_1/new/uart_contraints.xdc]
Finished Parsing XDC File [/home/filthyfil/FPGA/UART/UART.srcs/constrs_1/new/uart_contraints.xdc]
INFO: [Opt 31-138] Pushed 0 inverter(s) to 0 load pin(s).
Netlist sorting complete. Time (s): cpu = 00:00:00 ; elapsed = 00:00:00 . Memory (MB): peak = 1824.160 ; gain = 0.000 ; free physical = 28377 ; free virtual = 86668
INFO: [Project 1-111] Unisim Transformation Summary:
  A total of 6 instances were transformed.
  RAM32M => RAM32M (RAMD32(x6), RAMS32(x2)): 2 instances
  RAM32X1D => RAM32X1D (RAMD32(x2)): 4 instances

7 Infos, 0 Warnings, 0 Critical Warnings and 0 Errors encountered.
link_design completed successfully
Command: opt_design
Attempting to get a license for feature 'Implementation' and/or device 'xc7s50'
INFO: [Common 17-349] Got license for feature 'Implementation' and/or device 'xc7s50'
Running DRC as a precondition to command opt_design

Starting DRC Task
INFO: [DRC 23-27] Running DRC with 8 threads
INFO: [Project 1-461] DRC finished with 0 Errors
INFO: [Project 1-462] Please refer to the DRC report (report_drc) for more information.

Time (s): cpu = 00:00:03 ; elapsed = 00:00:00.7 . Memory (MB): peak = 1936.434 ; gain = 112.238 ; free physical = 28289 ; free virtual = 86580

Starting Cache Timing Information Task
INFO: [Timing 38-35] Done setting XDC timing constraints.
Ending Cache Timing Information Task | Checksum: 2defebf5e

Time (s): cpu = 00:00:05 ; elapsed = 00:00:05 . Memory (MB): peak = 2284.332 ; gain = 347.898 ; free physical = 27975 ; free virtual = 86267

Starting Logic Optimization Task

Phase 1 Initialization

Phase 1.1 Core Generation And Design Setup
Phase 1.1 Core Generation And Design Setup | Checksum: 2defebf5e

Time (s): cpu = 00:00:00 ; elapsed = 00:00:00 . Memory (MB): peak = 2647.137 ; gain = 0.000 ; free physical = 27641 ; free virtual = 85932

Phase 1.2 Setup Constraints And Sort Netlist
Phase 1.2 Setup Constraints And Sort Netlist | Checksum: 2defebf5e

Time (s): cpu = 00:00:00 ; elapsed = 00:00:00 . Memory (MB): peak = 2647.137 ; gain = 0.000 ; free physical = 27641 ; free virtual = 85932
Phase 1 Initialization | Checksum: 2defebf5e

Time (s): cpu = 00:00:00 ; elapsed = 00:00:00 . Memory (MB): peak = 2647.137 ; gain = 0.000 ; free physical = 27641 ; free virtual = 85932

Phase 2 Timer Update And Timing Data Collection

Phase 2.1 Timer Update
Phase 2.1 Timer Update | Checksum: 2defebf5e

Time (s): cpu = 00:00:00.02 ; elapsed = 00:00:00.01 . Memory (MB): peak = 2647.137 ; gain = 0.000 ; free physical = 27641 ; free virtual = 85932

Phase 2.2 Timing Data Collection
Phase 2.2 Timing Data Collection | Checksum: 2defebf5e

Time (s): cpu = 00:00:00.02 ; elapsed = 00:00:00.01 . Memory (MB): peak = 2647.137 ; gain = 0.000 ; free physical = 27641 ; free virtual = 85932
Phase 2 Timer Update And Timing Data Collection | Checksum: 2defebf5e

Time (s): cpu = 00:00:00.02 ; elapsed = 00:00:00.01 . Memory (MB): peak = 2647.137 ; gain = 0.000 ; free physical = 27641 ; free virtual = 85932

Phase 3 Retarget
INFO: [Opt 31-1851] Number of loadless carry chains removed were: 0
INFO: [Opt 31-1834] Total Chains To Be Transformed Were: 0 AND Number of Transformed insts Created are: 0
INFO: [Opt 31-138] Pushed 0 inverter(s) to 0 load pin(s).
INFO: [Opt 31-49] Retargeted 0 cell(s).
Phase 3 Retarget | Checksum: 2defebf5e

Time (s): cpu = 00:00:00.03 ; elapsed = 00:00:00.02 . Memory (MB): peak = 2647.137 ; gain = 0.000 ; free physical = 27641 ; free virtual = 85932
Retarget | Checksum: 2defebf5e
INFO: [Opt 31-389] Phase Retarget created 0 cells and removed 0 cells

Phase 4 Constant propagation
INFO: [Opt 31-138] Pushed 0 inverter(s) to 0 load pin(s).
Phase 4 Constant propagation | Checksum: 2defebf5e

Time (s): cpu = 00:00:00.03 ; elapsed = 00:00:00.02 . Memory (MB): peak = 2647.137 ; gain = 0.000 ; free physical = 27641 ; free virtual = 85932
Constant propagation | Checksum: 2defebf5e
INFO: [Opt 31-389] Phase Constant propagation created 0 cells and removed 0 cells

Phase 5 Sweep
INFO: [Constraints 18-11670] Building netlist checker database with flags, 0x8
Done building netlist checker database: Time (s): cpu = 00:00:00 ; elapsed = 00:00:00 . Memory (MB): peak = 2647.137 ; gain = 0.000 ; free physical = 27641 ; free virtual = 85932
Phase 5 Sweep | Checksum: 315b52e43

Time (s): cpu = 00:00:00.03 ; elapsed = 00:00:00.03 . Memory (MB): peak = 2647.137 ; gain = 0.000 ; free physical = 27641 ; free virtual = 85932
Sweep | Checksum: 315b52e43
INFO: [Opt 31-389] Phase Sweep created 0 cells and removed 0 cells

Phase 6 BUFG optimization
Phase 6 BUFG optimization | Checksum: 315b52e43

Time (s): cpu = 00:00:00.04 ; elapsed = 00:00:00.03 . Memory (MB): peak = 2679.152 ; gain = 32.016 ; free physical = 27641 ; free virtual = 85932
BUFG optimization | Checksum: 315b52e43
INFO: [Opt 31-662] Phase BUFG optimization created 0 cells of which 0 are BUFGs and removed 0 cells.

Phase 7 Shift Register Optimization
INFO: [Opt 31-1064] SRL Remap converted 0 SRLs to 0 registers and converted 0 registers of register chains to 0 SRLs
Phase 7 Shift Register Optimization | Checksum: 315b52e43

Time (s): cpu = 00:00:00.04 ; elapsed = 00:00:00.03 . Memory (MB): peak = 2679.152 ; gain = 32.016 ; free physical = 27641 ; free virtual = 85932
Shift Register Optimization | Checksum: 315b52e43
INFO: [Opt 31-389] Phase Shift Register Optimization created 0 cells and removed 0 cells

Phase 8 Post Processing Netlist
Phase 8 Post Processing Netlist | Checksum: 315b52e43

Time (s): cpu = 00:00:00.04 ; elapsed = 00:00:00.04 . Memory (MB): peak = 2679.152 ; gain = 32.016 ; free physical = 27641 ; free virtual = 85932
Post Processing Netlist | Checksum: 315b52e43
INFO: [Opt 31-389] Phase Post Processing Netlist created 0 cells and removed 0 cells

Phase 9 Finalization

Phase 9.1 Finalizing Design Cores and Updating Shapes
Phase 9.1 Finalizing Design Cores and Updating Shapes | Checksum: 29d458872

Time (s): cpu = 00:00:00.05 ; elapsed = 00:00:00.04 . Memory (MB): peak = 2679.152 ; gain = 32.016 ; free physical = 27641 ; free virtual = 85932

Phase 9.2 Verifying Netlist Connectivity

Starting Connectivity Check Task

Time (s): cpu = 00:00:00 ; elapsed = 00:00:00 . Memory (MB): peak = 2679.152 ; gain = 0.000 ; free physical = 27641 ; free virtual = 85932
Phase 9.2 Verifying Netlist Connectivity | Checksum: 29d458872

Time (s): cpu = 00:00:00.05 ; elapsed = 00:00:00.04 . Memory (MB): peak = 2679.152 ; gain = 32.016 ; free physical = 27641 ; free virtual = 85932
Phase 9 Finalization | Checksum: 29d458872

Time (s): cpu = 00:00:00.05 ; elapsed = 00:00:00.04 . Memory (MB): peak = 2679.152 ; gain = 32.016 ; free physical = 27641 ; free virtual = 85932
Opt_design Change Summary
=========================


-------------------------------------------------------------------------------------------------------------------------
|  Phase                        |  #Cells created  |  #Cells Removed  |  #Constrained objects preventing optimizations  |
-------------------------------------------------------------------------------------------------------------------------
|  Retarget                     |               0  |               0  |                                              0  |
|  Constant propagation         |               0  |               0  |                                              0  |
|  Sweep                        |               0  |               0  |                                              0  |
|  BUFG optimization            |               0  |               0  |                                              0  |
|  Shift Register Optimization  |               0  |               0  |                                              0  |
|  Post Processing Netlist      |               0  |               0  |                                              0  |
-------------------------------------------------------------------------------------------------------------------------


Ending Logic Optimization Task | Checksum: 29d458872

Time (s): cpu = 00:00:00.05 ; elapsed = 00:00:00.04 . Memory (MB): peak = 2679.152 ; gain = 32.016 ; free physical = 27641 ; free virtual = 85932

Starting Power Optimization Task
INFO: [Pwropt 34-132] Skipping clock gating for clocks with a period < 2.00 ns.
Ending Power Optimization Task | Checksum: 29d458872

Time (s): cpu = 00:00:00 ; elapsed = 00:00:00.01 . Memory (MB): peak = 2679.152 ; gain = 0.000 ; free physical = 27641 ; free virtual = 85932

Starting Final Cleanup Task
Ending Final Cleanup Task | Checksum: 29d458872

Time (s): cpu = 00:00:00 ; elapsed = 00:00:00 . Memory (MB): peak = 2679.152 ; gain = 0.000 ; free physical = 27641 ; free virtual = 85932

Starting Netlist Obfuscation Task
Netlist sorting complete. Time (s): cpu = 00:00:00 ; elapsed = 00:00:00 . Memory (MB): peak = 2679.152 ; gain = 0.000 ; free physical = 27641 ; free virtual = 85932
Ending Netlist Obfuscation Task | Checksum: 29d458872

Time (s): cpu = 00:00:00 ; elapsed = 00:00:00 . Memory (MB): peak = 2679.152 ; gain = 0.000 ; free physical = 27641 ; free virtual = 85932
INFO: [Common 17-83] Releasing license: Implementation
27 Infos, 0 Warnings, 0 Critical Warnings and 0 Errors encountered.
opt_design completed successfully
opt_design: Time (s): cpu = 00:00:09 ; elapsed = 00:00:08 . Memory (MB): peak = 2679.152 ; gain = 854.957 ; free physical = 27641 ; free virtual = 85932
INFO: [Vivado 12-24828] Executing command : report_drc -file uart_test_drc_opted.rpt -pb uart_test_drc_opted.pb -rpx uart_test_drc_opted.rpx
Command: report_drc -file uart_test_drc_opted.rpt -pb uart_test_drc_opted.pb -rpx uart_test_drc_opted.rpx
INFO: [IP_Flow 19-234] Refreshing IP repositories
INFO: [IP_Flow 19-1704] No user IP repositories specified
INFO: [IP_Flow 19-2313] Loaded Vivado IP repository '/home/filthyfil/Applications/Vivado/2025.1/Vivado/data/ip'.
INFO: [DRC 23-27] Running DRC with 8 threads
INFO: [Vivado_Tcl 2-168] The results of DRC are in file /home/filthyfil/FPGA/UART/UART.runs/impl_1/uart_test_drc_opted.rpt.
report_drc completed successfully
INFO: [Timing 38-480] Writing timing data to binary archive.
Write ShapeDB Complete: Time (s): cpu = 00:00:00.01 ; elapsed = 00:00:00 . Memory (MB): peak = 2679.152 ; gain = 0.000 ; free physical = 27605 ; free virtual = 85896
Wrote PlaceDB: Time (s): cpu = 00:00:00.01 ; elapsed = 00:00:00 . Memory (MB): peak = 2679.152 ; gain = 0.000 ; free physical = 27605 ; free virtual = 85896
Wrote PulsedLatchDB: Time (s): cpu = 00:00:00 ; elapsed = 00:00:00 . Memory (MB): peak = 2679.152 ; gain = 0.000 ; free physical = 27605 ; free virtual = 85896
Writing XDEF routing.
Writing XDEF routing logical nets.
Writing XDEF routing special nets.
Wrote RouteStorage: Time (s): cpu = 00:00:00.02 ; elapsed = 00:00:00.01 . Memory (MB): peak = 2679.152 ; gain = 0.000 ; free physical = 27605 ; free virtual = 85896
Wrote Netlist Cache: Time (s): cpu = 00:00:00 ; elapsed = 00:00:00 . Memory (MB): peak = 2679.152 ; gain = 0.000 ; free physical = 27605 ; free virtual = 85896
Wrote Device Cache: Time (s): cpu = 00:00:00.01 ; elapsed = 00:00:00 . Memory (MB): peak = 2679.152 ; gain = 0.000 ; free physical = 27604 ; free virtual = 85896
Write Physdb Complete: Time (s): cpu = 00:00:00.04 ; elapsed = 00:00:00.01 . Memory (MB): peak = 2679.152 ; gain = 0.000 ; free physical = 27604 ; free virtual = 85896
INFO: [Common 17-1381] The checkpoint '/home/filthyfil/FPGA/UART/UART.runs/impl_1/uart_test_opt.dcp' has been generated.
Command: place_design
Attempting to get a license for feature 'Implementation' and/or device 'xc7s50'
INFO: [Common 17-349] Got license for feature 'Implementation' and/or device 'xc7s50'
INFO: [Common 17-83] Releasing license: Implementation
INFO: [DRC 23-27] Running DRC with 8 threads
INFO: [Vivado_Tcl 4-198] DRC finished with 0 Errors
INFO: [Vivado_Tcl 4-199] Please refer to the DRC report (report_drc) for more information.
Running DRC as a precondition to command place_design
INFO: [DRC 23-27] Running DRC with 8 threads
INFO: [Vivado_Tcl 4-198] DRC finished with 0 Errors
INFO: [Vivado_Tcl 4-199] Please refer to the DRC report (report_drc) for more information.
INFO: [Place 30-611] Multithreading enabled for place_design using a maximum of 8 CPUs

Starting Placer Task

Phase 1 Placer Initialization

Phase 1.1 Placer Initialization Netlist Sorting
Netlist sorting complete. Time (s): cpu = 00:00:00 ; elapsed = 00:00:00 . Memory (MB): peak = 2714.879 ; gain = 0.000 ; free physical = 27556 ; free virtual = 85847
Phase 1.1 Placer Initialization Netlist Sorting | Checksum: 1cf050047

Time (s): cpu = 00:00:00 ; elapsed = 00:00:00 . Memory (MB): peak = 2714.879 ; gain = 0.000 ; free physical = 27556 ; free virtual = 85847
Netlist sorting complete. Time (s): cpu = 00:00:00 ; elapsed = 00:00:00 . Memory (MB): peak = 2714.879 ; gain = 0.000 ; free physical = 27556 ; free virtual = 85847

Phase 1.2 IO Placement/ Clock Placement/ Build Placer Device
INFO: [Timing 38-35] Done setting XDC timing constraints.
Phase 1.2 IO Placement/ Clock Placement/ Build Placer Device | Checksum: 2324a1fec

Time (s): cpu = 00:00:00.51 ; elapsed = 00:00:00.16 . Memory (MB): peak = 2714.879 ; gain = 0.000 ; free physical = 27556 ; free virtual = 85847

Phase 1.3 Build Placer Netlist Model
Phase 1.3 Build Placer Netlist Model | Checksum: 325598415

Time (s): cpu = 00:00:00.85 ; elapsed = 00:00:00.27 . Memory (MB): peak = 2746.895 ; gain = 32.016 ; free physical = 27556 ; free virtual = 85847

Phase 1.4 Constrain Clocks/Macros
Phase 1.4 Constrain Clocks/Macros | Checksum: 325598415

Time (s): cpu = 00:00:00.86 ; elapsed = 00:00:00.28 . Memory (MB): peak = 2746.895 ; gain = 32.016 ; free physical = 27556 ; free virtual = 85847
Phase 1 Placer Initialization | Checksum: 325598415

Time (s): cpu = 00:00:00.86 ; elapsed = 00:00:00.28 . Memory (MB): peak = 2746.895 ; gain = 32.016 ; free physical = 27556 ; free virtual = 85847

Phase 2 Global Placement

Phase 2.1 Floorplanning
Phase 2.1 Floorplanning | Checksum: 2cd60de5f

Time (s): cpu = 00:00:01 ; elapsed = 00:00:00.33 . Memory (MB): peak = 2746.895 ; gain = 32.016 ; free physical = 27554 ; free virtual = 85846

Phase 2.2 Update Timing before SLR Path Opt
Phase 2.2 Update Timing before SLR Path Opt | Checksum: 2486c3a93

Time (s): cpu = 00:00:01 ; elapsed = 00:00:00.34 . Memory (MB): peak = 2746.895 ; gain = 32.016 ; free physical = 27564 ; free virtual = 85856

Phase 2.3 Post-Processing in Floorplanning
Phase 2.3 Post-Processing in Floorplanning | Checksum: 2486c3a93

Time (s): cpu = 00:00:01 ; elapsed = 00:00:00.35 . Memory (MB): peak = 2746.895 ; gain = 32.016 ; free physical = 27564 ; free virtual = 85856

Phase 2.4 Global Place Phase1
Phase 2.4 Global Place Phase1 | Checksum: 2beafe5ca

Time (s): cpu = 00:00:03 ; elapsed = 00:00:00.71 . Memory (MB): peak = 2746.895 ; gain = 32.016 ; free physical = 27607 ; free virtual = 85899

Phase 2.5 Global Place Phase2

Phase 2.5.1 UpdateTiming Before Physical Synthesis
Phase 2.5.1 UpdateTiming Before Physical Synthesis | Checksum: 254467d06

Time (s): cpu = 00:00:03 ; elapsed = 00:00:00.74 . Memory (MB): peak = 2746.895 ; gain = 32.016 ; free physical = 27607 ; free virtual = 85898

Phase 2.5.2 Physical Synthesis In Placer
INFO: [Physopt 32-1035] Found 0 LUTNM shape to break, 9 LUT instances to create LUTNM shape
INFO: [Physopt 32-1044] Break lutnm for timing: one critical 0, two critical 0, total 0, new lutff created 0
INFO: [Physopt 32-1138] End 1 Pass. Optimized 4 nets or LUTs. Breaked 0 LUT, combined 4 existing LUTs and moved 0 existing LUT
INFO: [Physopt 32-65] No nets found for high-fanout optimization.
INFO: [Physopt 32-232] Optimized 0 net. Created 0 new instance.
INFO: [Physopt 32-775] End 1 Pass. Optimized 0 net or cell. Created 0 new cell, deleted 0 existing cell and moved 0 existing cell
INFO: [Physopt 32-670] No setup violation found.  DSP Register Optimization was not performed.
INFO: [Physopt 32-670] No setup violation found.  Shift Register to Pipeline Optimization was not performed.
INFO: [Physopt 32-670] No setup violation found.  Shift Register Optimization was not performed.
INFO: [Physopt 32-670] No setup violation found.  BRAM Register Optimization was not performed.
INFO: [Physopt 32-670] No setup violation found.  URAM Register Optimization was not performed.
INFO: [Physopt 32-949] No candidate nets found for dynamic/static region interface net replication
INFO: [Physopt 32-775] End 1 Pass. Optimized 0 net or cell. Created 0 new cell, deleted 0 existing cell and moved 0 existing cell
Netlist sorting complete. Time (s): cpu = 00:00:00 ; elapsed = 00:00:00 . Memory (MB): peak = 2746.895 ; gain = 0.000 ; free physical = 27606 ; free virtual = 85898

Summary of Physical Synthesis Optimizations
============================================


-----------------------------------------------------------------------------------------------------------------------------------------------------------
|  Optimization                                     |  Added Cells  |  Removed Cells  |  Optimized Cells/Nets  |  Dont Touch  |  Iterations  |  Elapsed   |
-----------------------------------------------------------------------------------------------------------------------------------------------------------
|  LUT Combining                                    |            0  |              4  |                     4  |           0  |           1  |  00:00:00  |
|  Retime                                           |            0  |              0  |                     0  |           0  |           1  |  00:00:00  |
|  Very High Fanout                                 |            0  |              0  |                     0  |           0  |           1  |  00:00:00  |
|  DSP Register                                     |            0  |              0  |                     0  |           0  |           0  |  00:00:00  |
|  Shift Register to Pipeline                       |            0  |              0  |                     0  |           0  |           0  |  00:00:00  |
|  Shift Register                                   |            0  |              0  |                     0  |           0  |           0  |  00:00:00  |
|  BRAM Register                                    |            0  |              0  |                     0  |           0  |           0  |  00:00:00  |
|  URAM Register                                    |            0  |              0  |                     0  |           0  |           0  |  00:00:00  |
|  Dynamic/Static Region Interface Net Replication  |            0  |              0  |                     0  |           0  |           1  |  00:00:00  |
|  Total                                            |            0  |              4  |                     4  |           0  |           4  |  00:00:00  |
-----------------------------------------------------------------------------------------------------------------------------------------------------------


Phase 2.5.2 Physical Synthesis In Placer | Checksum: 1ce3edd08

Time (s): cpu = 00:00:03 ; elapsed = 00:00:01 . Memory (MB): peak = 2746.895 ; gain = 32.016 ; free physical = 27606 ; free virtual = 85898
Phase 2.5 Global Place Phase2 | Checksum: 1b765cff3

Time (s): cpu = 00:00:03 ; elapsed = 00:00:01 . Memory (MB): peak = 2746.895 ; gain = 32.016 ; free physical = 27605 ; free virtual = 85897
Phase 2 Global Placement | Checksum: 1b765cff3

Time (s): cpu = 00:00:03 ; elapsed = 00:00:01 . Memory (MB): peak = 2746.895 ; gain = 32.016 ; free physical = 27605 ; free virtual = 85897

Phase 3 Detail Placement

Phase 3.1 Commit Multi Column Macros
Phase 3.1 Commit Multi Column Macros | Checksum: 1815667a9

Time (s): cpu = 00:00:04 ; elapsed = 00:00:01 . Memory (MB): peak = 2746.895 ; gain = 32.016 ; free physical = 27604 ; free virtual = 85896

Phase 3.2 Commit Most Macros & LUTRAMs
Phase 3.2 Commit Most Macros & LUTRAMs | Checksum: 1f24cc679

Time (s): cpu = 00:00:04 ; elapsed = 00:00:01 . Memory (MB): peak = 2746.895 ; gain = 32.016 ; free physical = 27604 ; free virtual = 85896

Phase 3.3 Area Swap Optimization
Phase 3.3 Area Swap Optimization | Checksum: 1bb60aeb5

Time (s): cpu = 00:00:04 ; elapsed = 00:00:01 . Memory (MB): peak = 2746.895 ; gain = 32.016 ; free physical = 27604 ; free virtual = 85896

Phase 3.4 Pipeline Register Optimization
Phase 3.4 Pipeline Register Optimization | Checksum: 1caef5b56

Time (s): cpu = 00:00:04 ; elapsed = 00:00:01 . Memory (MB): peak = 2746.895 ; gain = 32.016 ; free physical = 27604 ; free virtual = 85896

Phase 3.5 Small Shape Detail Placement
Phase 3.5 Small Shape Detail Placement | Checksum: 1c9cbcf17

Time (s): cpu = 00:00:04 ; elapsed = 00:00:01 . Memory (MB): peak = 2746.895 ; gain = 32.016 ; free physical = 27603 ; free virtual = 85895

Phase 3.6 Re-assign LUT pins
Phase 3.6 Re-assign LUT pins | Checksum: 1d2d40f49

Time (s): cpu = 00:00:04 ; elapsed = 00:00:01 . Memory (MB): peak = 2746.895 ; gain = 32.016 ; free physical = 27603 ; free virtual = 85895

Phase 3.7 Pipeline Register Optimization
Phase 3.7 Pipeline Register Optimization | Checksum: 1de3f7ce8

Time (s): cpu = 00:00:04 ; elapsed = 00:00:01 . Memory (MB): peak = 2746.895 ; gain = 32.016 ; free physical = 27603 ; free virtual = 85895
Phase 3 Detail Placement | Checksum: 1de3f7ce8

Time (s): cpu = 00:00:04 ; elapsed = 00:00:01 . Memory (MB): peak = 2746.895 ; gain = 32.016 ; free physical = 27603 ; free virtual = 85895

Phase 4 Post Placement Optimization and Clean-Up

Phase 4.1 Post Commit Optimization
INFO: [Timing 38-35] Done setting XDC timing constraints.

Phase 4.1.1 Post Placement Optimization
Post Placement Optimization Initialization | Checksum: 1f73b4dc5

Phase 4.1.1.1 BUFG Insertion

Starting Physical Synthesis Task

Phase 1 Physical Synthesis Initialization
INFO: [Physopt 32-721] Multithreading enabled for phys_opt_design using a maximum of 8 CPUs
INFO: [Physopt 32-619] Estimated Timing Summary | WNS=5.058 | TNS=0.000 |
Phase 1 Physical Synthesis Initialization | Checksum: 139563f95

Time (s): cpu = 00:00:00.08 ; elapsed = 00:00:00.02 . Memory (MB): peak = 2746.895 ; gain = 0.000 ; free physical = 27603 ; free virtual = 85895
INFO: [Place 46-56] BUFG insertion identified 0 candidate nets. Inserted BUFG: 0, Replicated BUFG Driver: 0, Skipped due to Placement/Routing Conflicts: 0, Skipped due to Timing Degradation: 0, Skipped due to netlist editing failed: 0.
Ending Physical Synthesis Task | Checksum: 2b93b393a

Time (s): cpu = 00:00:00.08 ; elapsed = 00:00:00.02 . Memory (MB): peak = 2746.895 ; gain = 0.000 ; free physical = 27603 ; free virtual = 85895
Phase 4.1.1.1 BUFG Insertion | Checksum: 1f73b4dc5

Time (s): cpu = 00:00:05 ; elapsed = 00:00:01 . Memory (MB): peak = 2746.895 ; gain = 32.016 ; free physical = 27603 ; free virtual = 85895

Phase 4.1.1.2 Post Placement Timing Optimization
INFO: [Place 30-746] Post Placement Timing Summary WNS=5.058. For the most accurate timing information please run report_timing.
Phase 4.1.1.2 Post Placement Timing Optimization | Checksum: 227b2f9d5

Time (s): cpu = 00:00:05 ; elapsed = 00:00:01 . Memory (MB): peak = 2746.895 ; gain = 32.016 ; free physical = 27603 ; free virtual = 85895

Time (s): cpu = 00:00:05 ; elapsed = 00:00:01 . Memory (MB): peak = 2746.895 ; gain = 32.016 ; free physical = 27603 ; free virtual = 85895
Phase 4.1 Post Commit Optimization | Checksum: 227b2f9d5

Time (s): cpu = 00:00:05 ; elapsed = 00:00:01 . Memory (MB): peak = 2746.895 ; gain = 32.016 ; free physical = 27603 ; free virtual = 85895

Phase 4.2 Post Placement Cleanup
Phase 4.2 Post Placement Cleanup | Checksum: 227b2f9d5

Time (s): cpu = 00:00:05 ; elapsed = 00:00:01 . Memory (MB): peak = 2746.895 ; gain = 32.016 ; free physical = 27603 ; free virtual = 85895

Phase 4.3 Placer Reporting

Phase 4.3.1 Print Estimated Congestion
INFO: [Place 30-612] Post-Placement Estimated Congestion 
 ____________________________________________________
|           | Global Congestion | Short Congestion  |
| Direction | Region Size       | Region Size       |
|___________|___________________|___________________|
|      North|                1x1|                1x1|
|___________|___________________|___________________|
|      South|                1x1|                1x1|
|___________|___________________|___________________|
|       East|                1x1|                1x1|
|___________|___________________|___________________|
|       West|                1x1|                1x1|
|___________|___________________|___________________|

Phase 4.3.1 Print Estimated Congestion | Checksum: 227b2f9d5

Time (s): cpu = 00:00:05 ; elapsed = 00:00:01 . Memory (MB): peak = 2746.895 ; gain = 32.016 ; free physical = 27603 ; free virtual = 85895
Phase 4.3 Placer Reporting | Checksum: 227b2f9d5

Time (s): cpu = 00:00:05 ; elapsed = 00:00:01 . Memory (MB): peak = 2746.895 ; gain = 32.016 ; free physical = 27603 ; free virtual = 85895

Phase 4.4 Final Placement Cleanup
Netlist sorting complete. Time (s): cpu = 00:00:00 ; elapsed = 00:00:00 . Memory (MB): peak = 2746.895 ; gain = 0.000 ; free physical = 27603 ; free virtual = 85895

Time (s): cpu = 00:00:05 ; elapsed = 00:00:01 . Memory (MB): peak = 2746.895 ; gain = 32.016 ; free physical = 27603 ; free virtual = 85895
Phase 4 Post Placement Optimization and Clean-Up | Checksum: 240ed3ea7

Time (s): cpu = 00:00:05 ; elapsed = 00:00:01 . Memory (MB): peak = 2746.895 ; gain = 32.016 ; free physical = 27603 ; free virtual = 85895
Ending Placer Task | Checksum: 20434f5e1

Time (s): cpu = 00:00:05 ; elapsed = 00:00:01 . Memory (MB): peak = 2746.895 ; gain = 32.016 ; free physical = 27603 ; free virtual = 85895
64 Infos, 0 Warnings, 0 Critical Warnings and 0 Errors encountered.
place_design completed successfully
INFO: [Vivado 12-24838] Running report commands "report_control_sets, report_io, report_utilization" in parallel.
Running report generation with 3 threads.
INFO: [Vivado 12-24828] Executing command : report_control_sets -verbose -file uart_test_control_sets_placed.rpt
report_control_sets: Time (s): cpu = 00:00:00.52 ; elapsed = 00:00:00.4 . Memory (MB): peak = 2746.895 ; gain = 0.000 ; free physical = 27559 ; free virtual = 85851
INFO: [Vivado 12-24828] Executing command : report_utilization -file uart_test_utilization_placed.rpt -pb uart_test_utilization_placed.pb
INFO: [Vivado 12-24828] Executing command : report_io -file uart_test_io_placed.rpt
report_io: Time (s): cpu = 00:00:01 ; elapsed = 00:00:00.69 . Memory (MB): peak = 2746.895 ; gain = 0.000 ; free physical = 27550 ; free virtual = 85842
INFO: [Timing 38-480] Writing timing data to binary archive.
Write ShapeDB Complete: Time (s): cpu = 00:00:00.01 ; elapsed = 00:00:00.01 . Memory (MB): peak = 2746.895 ; gain = 0.000 ; free physical = 27550 ; free virtual = 85842
Wrote PlaceDB: Time (s): cpu = 00:00:00.13 ; elapsed = 00:00:00.03 . Memory (MB): peak = 2746.895 ; gain = 0.000 ; free physical = 27550 ; free virtual = 85842
Wrote PulsedLatchDB: Time (s): cpu = 00:00:00 ; elapsed = 00:00:00 . Memory (MB): peak = 2746.895 ; gain = 0.000 ; free physical = 27550 ; free virtual = 85842
Writing XDEF routing.
Writing XDEF routing logical nets.
Writing XDEF routing special nets.
Wrote RouteStorage: Time (s): cpu = 00:00:00.07 ; elapsed = 00:00:00.04 . Memory (MB): peak = 2746.895 ; gain = 0.000 ; free physical = 27550 ; free virtual = 85842
Wrote Netlist Cache: Time (s): cpu = 00:00:00 ; elapsed = 00:00:00.01 . Memory (MB): peak = 2746.895 ; gain = 0.000 ; free physical = 27550 ; free virtual = 85842
Wrote Device Cache: Time (s): cpu = 00:00:00.02 ; elapsed = 00:00:00.01 . Memory (MB): peak = 2746.895 ; gain = 0.000 ; free physical = 27550 ; free virtual = 85843
Write Physdb Complete: Time (s): cpu = 00:00:00.24 ; elapsed = 00:00:00.09 . Memory (MB): peak = 2746.895 ; gain = 0.000 ; free physical = 27550 ; free virtual = 85843
INFO: [Common 17-1381] The checkpoint '/home/filthyfil/FPGA/UART/UART.runs/impl_1/uart_test_placed.dcp' has been generated.
Command: phys_opt_design
Attempting to get a license for feature 'Implementation' and/or device 'xc7s50'
INFO: [Common 17-349] Got license for feature 'Implementation' and/or device 'xc7s50'

Starting Initial Update Timing Task

Time (s): cpu = 00:00:00.12 ; elapsed = 00:00:00.15 . Memory (MB): peak = 2746.895 ; gain = 0.000 ; free physical = 27539 ; free virtual = 85831
INFO: [Vivado_Tcl 4-2279] Estimated Timing Summary | WNS= 5.058 | TNS= 0.000 | 
INFO: [Vivado_Tcl 4-383] Design worst setup slack (WNS) is greater than or equal to 0.000 ns. All physical synthesis setup optimizations will be skipped.
INFO: [Vivado_Tcl 4-232] No setup violation found. The netlist was not modified.
INFO: [Common 17-83] Releasing license: Implementation
75 Infos, 0 Warnings, 0 Critical Warnings and 0 Errors encountered.
phys_opt_design completed successfully
INFO: [Timing 38-480] Writing timing data to binary archive.
Write ShapeDB Complete: Time (s): cpu = 00:00:00 ; elapsed = 00:00:00 . Memory (MB): peak = 2746.895 ; gain = 0.000 ; free physical = 27539 ; free virtual = 85831
Wrote PlaceDB: Time (s): cpu = 00:00:00.04 ; elapsed = 00:00:00.01 . Memory (MB): peak = 2746.895 ; gain = 0.000 ; free physical = 27539 ; free virtual = 85831
Wrote PulsedLatchDB: Time (s): cpu = 00:00:00 ; elapsed = 00:00:00 . Memory (MB): peak = 2746.895 ; gain = 0.000 ; free physical = 27539 ; free virtual = 85831
Writing XDEF routing.
Writing XDEF routing logical nets.
Writing XDEF routing special nets.
Wrote RouteStorage: Time (s): cpu = 00:00:00.02 ; elapsed = 00:00:00.01 . Memory (MB): peak = 2746.895 ; gain = 0.000 ; free physical = 27539 ; free virtual = 85831
Wrote Netlist Cache: Time (s): cpu = 00:00:00 ; elapsed = 00:00:00 . Memory (MB): peak = 2746.895 ; gain = 0.000 ; free physical = 27539 ; free virtual = 85831
Wrote Device Cache: Time (s): cpu = 00:00:00.01 ; elapsed = 00:00:00.01 . Memory (MB): peak = 2746.895 ; gain = 0.000 ; free physical = 27539 ; free virtual = 85832
Write Physdb Complete: Time (s): cpu = 00:00:00.08 ; elapsed = 00:00:00.03 . Memory (MB): peak = 2746.895 ; gain = 0.000 ; free physical = 27538 ; free virtual = 85831
INFO: [Common 17-1381] The checkpoint '/home/filthyfil/FPGA/UART/UART.runs/impl_1/uart_test_physopt.dcp' has been generated.
Command: route_design
Attempting to get a license for feature 'Implementation' and/or device 'xc7s50'
INFO: [Common 17-349] Got license for feature 'Implementation' and/or device 'xc7s50'


Starting Routing Task
INFO: [Route 35-254] Multithreading enabled for route_design using a maximum of 8 CPUs

Phase 1 Build RT Design
Checksum: PlaceDB: e1946325 ConstDB: 0 ShapeSum: 780f5f86 RouteDB: aa913336
Post Restoration Checksum: NetGraph: 65964184 | NumContArr: d3fbf0b8 | Constraints: c2a8fa9d | Timing: c2a8fa9d
Phase 1 Build RT Design | Checksum: 2bee42776

Time (s): cpu = 00:00:13 ; elapsed = 00:00:12 . Memory (MB): peak = 2829.016 ; gain = 82.121 ; free physical = 27446 ; free virtual = 85738

Phase 2 Router Initialization

Phase 2.1 Fix Topology Constraints
Phase 2.1 Fix Topology Constraints | Checksum: 2bee42776

Time (s): cpu = 00:00:13 ; elapsed = 00:00:12 . Memory (MB): peak = 2829.016 ; gain = 82.121 ; free physical = 27446 ; free virtual = 85738

Phase 2.2 Pre Route Cleanup
Phase 2.2 Pre Route Cleanup | Checksum: 2bee42776

Time (s): cpu = 00:00:13 ; elapsed = 00:00:12 . Memory (MB): peak = 2829.016 ; gain = 82.121 ; free physical = 27446 ; free virtual = 85738
 Number of Nodes with overlaps = 0

Phase 2.3 Update Timing
Phase 2.3 Update Timing | Checksum: 2e8f75270

Time (s): cpu = 00:00:14 ; elapsed = 00:00:12 . Memory (MB): peak = 2854.016 ; gain = 107.121 ; free physical = 27428 ; free virtual = 85720
INFO: [Route 35-416] Intermediate Timing Summary | WNS=5.099  | TNS=0.000  | WHS=-0.206 | THS=-7.653 |


Phase 2.4 Soft Constraint Pins - Fast Budgeting
Phase 2.4 Soft Constraint Pins - Fast Budgeting | Checksum: 2547287a4

Time (s): cpu = 00:00:15 ; elapsed = 00:00:13 . Memory (MB): peak = 2870.016 ; gain = 123.121 ; free physical = 27427 ; free virtual = 85719

Router Utilization Summary
  Global Vertical Routing Utilization    = 0 %
  Global Horizontal Routing Utilization  = 0 %
  Routable Net Status*
  *Does not include unroutable nets such as driverless and loadless.
  Run report_route_status for detailed report.
  Number of Failed Nets               = 153
    (Failed Nets is the sum of unrouted and partially routed nets)
  Number of Unrouted Nets             = 153
  Number of Partially Routed Nets     = 0
  Number of Node Overlaps             = 0

Phase 2 Router Initialization | Checksum: 2547287a4

Time (s): cpu = 00:00:16 ; elapsed = 00:00:13 . Memory (MB): peak = 2870.016 ; gain = 123.121 ; free physical = 27425 ; free virtual = 85717

Phase 3 Global Routing
Phase 3 Global Routing | Checksum: 2547287a4

Time (s): cpu = 00:00:16 ; elapsed = 00:00:13 . Memory (MB): peak = 2870.016 ; gain = 123.121 ; free physical = 27425 ; free virtual = 85717

Phase 4 Initial Routing

Phase 4.1 Initial Net Routing Pass
Phase 4.1 Initial Net Routing Pass | Checksum: 2e507464e

Time (s): cpu = 00:00:17 ; elapsed = 00:00:13 . Memory (MB): peak = 2870.016 ; gain = 123.121 ; free physical = 27426 ; free virtual = 85720
Phase 4 Initial Routing | Checksum: 2e507464e

Time (s): cpu = 00:00:17 ; elapsed = 00:00:13 . Memory (MB): peak = 2870.016 ; gain = 123.121 ; free physical = 27426 ; free virtual = 85720

Phase 5 Rip-up And Reroute

Phase 5.1 Global Iteration 0
 Number of Nodes with overlaps = 12
 Number of Nodes with overlaps = 0
INFO: [Route 35-416] Intermediate Timing Summary | WNS=5.054  | TNS=0.000  | WHS=N/A    | THS=N/A    |

Phase 5.1 Global Iteration 0 | Checksum: 1aa4f1e6b

Time (s): cpu = 00:00:17 ; elapsed = 00:00:13 . Memory (MB): peak = 2870.016 ; gain = 123.121 ; free physical = 27429 ; free virtual = 85724

Phase 5.2 Global Iteration 1
 Number of Nodes with overlaps = 1
 Number of Nodes with overlaps = 0
INFO: [Route 35-416] Intermediate Timing Summary | WNS=5.054  | TNS=0.000  | WHS=N/A    | THS=N/A    |

Phase 5.2 Global Iteration 1 | Checksum: 18210484f

Time (s): cpu = 00:00:17 ; elapsed = 00:00:14 . Memory (MB): peak = 2870.016 ; gain = 123.121 ; free physical = 27425 ; free virtual = 85720
Phase 5 Rip-up And Reroute | Checksum: 18210484f

Time (s): cpu = 00:00:18 ; elapsed = 00:00:14 . Memory (MB): peak = 2870.016 ; gain = 123.121 ; free physical = 27425 ; free virtual = 85720

Phase 6 Delay and Skew Optimization

Phase 6.1 Delay CleanUp
Phase 6.1 Delay CleanUp | Checksum: 18210484f

Time (s): cpu = 00:00:18 ; elapsed = 00:00:14 . Memory (MB): peak = 2870.016 ; gain = 123.121 ; free physical = 27425 ; free virtual = 85720

Phase 6.2 Clock Skew Optimization
Phase 6.2 Clock Skew Optimization | Checksum: 18210484f

Time (s): cpu = 00:00:18 ; elapsed = 00:00:14 . Memory (MB): peak = 2870.016 ; gain = 123.121 ; free physical = 27425 ; free virtual = 85720
Phase 6 Delay and Skew Optimization | Checksum: 18210484f

Time (s): cpu = 00:00:18 ; elapsed = 00:00:14 . Memory (MB): peak = 2870.016 ; gain = 123.121 ; free physical = 27425 ; free virtual = 85720

Phase 7 Post Hold Fix

Phase 7.1 Hold Fix Iter
INFO: [Route 35-416] Intermediate Timing Summary | WNS=5.134  | TNS=0.000  | WHS=0.033  | THS=0.000  |

Phase 7.1 Hold Fix Iter | Checksum: 25967a061

Time (s): cpu = 00:00:18 ; elapsed = 00:00:14 . Memory (MB): peak = 2870.016 ; gain = 123.121 ; free physical = 27425 ; free virtual = 85721
Phase 7 Post Hold Fix | Checksum: 25967a061

Time (s): cpu = 00:00:18 ; elapsed = 00:00:14 . Memory (MB): peak = 2870.016 ; gain = 123.121 ; free physical = 27425 ; free virtual = 85721

Phase 8 Route finalize

Router Utilization Summary
  Global Vertical Routing Utilization    = 0.0334051 %
  Global Horizontal Routing Utilization  = 0.0283706 %
  Routable Net Status*
  *Does not include unroutable nets such as driverless and loadless.
  Run report_route_status for detailed report.
  Number of Failed Nets               = 0
    (Failed Nets is the sum of unrouted and partially routed nets)
  Number of Unrouted Nets             = 0
  Number of Partially Routed Nets     = 0
  Number of Node Overlaps             = 0

Phase 8 Route finalize | Checksum: 25967a061

Time (s): cpu = 00:00:18 ; elapsed = 00:00:14 . Memory (MB): peak = 2870.016 ; gain = 123.121 ; free physical = 27424 ; free virtual = 85720

Phase 9 Verifying routed nets

 Verification completed successfully
Phase 9 Verifying routed nets | Checksum: 25967a061

Time (s): cpu = 00:00:18 ; elapsed = 00:00:14 . Memory (MB): peak = 2870.016 ; gain = 123.121 ; free physical = 27423 ; free virtual = 85719

Phase 10 Depositing Routes
Phase 10 Depositing Routes | Checksum: 24ca02ed3

Time (s): cpu = 00:00:18 ; elapsed = 00:00:14 . Memory (MB): peak = 2870.016 ; gain = 123.121 ; free physical = 27423 ; free virtual = 85719

Phase 11 Post Process Routing
Phase 11 Post Process Routing | Checksum: 24ca02ed3

Time (s): cpu = 00:00:18 ; elapsed = 00:00:14 . Memory (MB): peak = 2870.016 ; gain = 123.121 ; free physical = 27423 ; free virtual = 85719

Phase 12 Post Router Timing
INFO: [Route 35-57] Estimated Timing Summary | WNS=5.134  | TNS=0.000  | WHS=0.033  | THS=0.000  |

INFO: [Route 35-327] The final timing numbers are based on the router estimated timing analysis. For a complete and accurate timing signoff, please run report_timing_summary.
Phase 12 Post Router Timing | Checksum: 24ca02ed3

Time (s): cpu = 00:00:18 ; elapsed = 00:00:14 . Memory (MB): peak = 2870.016 ; gain = 123.121 ; free physical = 27423 ; free virtual = 85719
Total Elapsed time in route_design: 13.74 secs

Phase 13 Post-Route Event Processing
Phase 13 Post-Route Event Processing | Checksum: a9d3bda7

Time (s): cpu = 00:00:18 ; elapsed = 00:00:14 . Memory (MB): peak = 2870.016 ; gain = 123.121 ; free physical = 27423 ; free virtual = 85719
INFO: [Route 35-16] Router Completed Successfully
Ending Routing Task | Checksum: a9d3bda7

Time (s): cpu = 00:00:18 ; elapsed = 00:00:14 . Memory (MB): peak = 2870.016 ; gain = 123.121 ; free physical = 27423 ; free virtual = 85719

Routing Is Done.
INFO: [Common 17-83] Releasing license: Implementation
87 Infos, 0 Warnings, 0 Critical Warnings and 0 Errors encountered.
route_design completed successfully
route_design: Time (s): cpu = 00:00:18 ; elapsed = 00:00:14 . Memory (MB): peak = 2870.016 ; gain = 123.121 ; free physical = 27422 ; free virtual = 85719
INFO: [Vivado 12-24828] Executing command : report_drc -file uart_test_drc_routed.rpt -pb uart_test_drc_routed.pb -rpx uart_test_drc_routed.rpx
Command: report_drc -file uart_test_drc_routed.rpt -pb uart_test_drc_routed.pb -rpx uart_test_drc_routed.rpx
INFO: [IP_Flow 19-1839] IP Catalog is up to date.
INFO: [DRC 23-27] Running DRC with 8 threads
INFO: [Vivado_Tcl 2-168] The results of DRC are in file /home/filthyfil/FPGA/UART/UART.runs/impl_1/uart_test_drc_routed.rpt.
report_drc completed successfully
INFO: [Vivado 12-24828] Executing command : report_methodology -file uart_test_methodology_drc_routed.rpt -pb uart_test_methodology_drc_routed.pb -rpx uart_test_methodology_drc_routed.rpx
Command: report_methodology -file uart_test_methodology_drc_routed.rpt -pb uart_test_methodology_drc_routed.pb -rpx uart_test_methodology_drc_routed.rpx
INFO: [Timing 38-35] Done setting XDC timing constraints.
INFO: [DRC 23-133] Running Methodology with 8 threads
INFO: [Vivado_Tcl 2-1520] The results of Report Methodology are in file /home/filthyfil/FPGA/UART/UART.runs/impl_1/uart_test_methodology_drc_routed.rpt.
report_methodology completed successfully
INFO: [Vivado 12-24828] Executing command : report_timing_summary -max_paths 10 -routable_nets -report_unconstrained -file uart_test_timing_summary_routed.rpt -pb uart_test_timing_summary_routed.pb -rpx uart_test_timing_summary_routed.rpx -warn_on_violation 
INFO: [Timing 38-35] Done setting XDC timing constraints.
INFO: [Timing 38-91] UpdateTimingParams: Speed grade: -1, Delay Type: min_max.
INFO: [Timing 38-191] Multithreading enabled for timing update using a maximum of 8 CPUs
INFO: [Vivado 12-24838] Running report commands "report_bus_skew, report_incremental_reuse, report_route_status" in parallel.
Running report generation with 3 threads.
INFO: [Vivado 12-24828] Executing command : report_incremental_reuse -file uart_test_incremental_reuse_routed.rpt
INFO: [Vivado_Tcl 4-1062] Incremental flow is disabled. No incremental reuse Info to report.
INFO: [Vivado 12-24828] Executing command : report_route_status -file uart_test_route_status.rpt -pb uart_test_route_status.pb
INFO: [Vivado 12-24828] Executing command : report_bus_skew -warn_on_violation -file uart_test_bus_skew_routed.rpt -pb uart_test_bus_skew_routed.pb -rpx uart_test_bus_skew_routed.rpx
INFO: [Timing 38-91] UpdateTimingParams: Speed grade: -1, Delay Type: min_max.
INFO: [Timing 38-191] Multithreading enabled for timing update using a maximum of 8 CPUs
INFO: [Vivado 12-24828] Executing command : report_power -file uart_test_power_routed.rpt -pb uart_test_power_summary_routed.pb -rpx uart_test_power_routed.rpx
Command: report_power -file uart_test_power_routed.rpt -pb uart_test_power_summary_routed.pb -rpx uart_test_power_routed.rpx
Running Vector-less Activity Propagation...

Finished Running Vector-less Activity Propagation
107 Infos, 0 Warnings, 0 Critical Warnings and 0 Errors encountered.
report_power completed successfully
INFO: [Vivado 12-24828] Executing command : report_clock_utilization -file uart_test_clock_utilization_routed.rpt
INFO: [Timing 38-480] Writing timing data to binary archive.
Write ShapeDB Complete: Time (s): cpu = 00:00:00.01 ; elapsed = 00:00:00.01 . Memory (MB): peak = 3005.055 ; gain = 0.000 ; free physical = 27217 ; free virtual = 85537
Wrote PlaceDB: Time (s): cpu = 00:00:00.17 ; elapsed = 00:00:00.05 . Memory (MB): peak = 3005.055 ; gain = 0.000 ; free physical = 27217 ; free virtual = 85537
Wrote PulsedLatchDB: Time (s): cpu = 00:00:00 ; elapsed = 00:00:00 . Memory (MB): peak = 3005.055 ; gain = 0.000 ; free physical = 27217 ; free virtual = 85537
Writing XDEF routing.
Writing XDEF routing logical nets.
Writing XDEF routing special nets.
Wrote RouteStorage: Time (s): cpu = 00:00:00.11 ; elapsed = 00:00:00.06 . Memory (MB): peak = 3005.055 ; gain = 0.000 ; free physical = 27217 ; free virtual = 85537
Wrote Netlist Cache: Time (s): cpu = 00:00:00.01 ; elapsed = 00:00:00.01 . Memory (MB): peak = 3005.055 ; gain = 0.000 ; free physical = 27217 ; free virtual = 85537
Wrote Device Cache: Time (s): cpu = 00:00:00.02 ; elapsed = 00:00:00.01 . Memory (MB): peak = 3005.055 ; gain = 0.000 ; free physical = 27217 ; free virtual = 85537
Write Physdb Complete: Time (s): cpu = 00:00:00.33 ; elapsed = 00:00:00.13 . Memory (MB): peak = 3005.055 ; gain = 0.000 ; free physical = 27217 ; free virtual = 85537
INFO: [Common 17-1381] The checkpoint '/home/filthyfil/FPGA/UART/UART.runs/impl_1/uart_test_routed.dcp' has been generated.
INFO: [Common 17-206] Exiting Vivado at Thu Oct 30 16:43:49 2025...

*** Running vivado
    with args -log uart_test.vdi -applog -m64 -product Vivado -messageDb vivado.pb -mode batch -source uart_test.tcl -notrace


****** Vivado v2025.1 (64-bit)
  **** SW Build 6140274 on Wed May 21 22:58:25 MDT 2025
  **** IP Build 6138677 on Thu May 22 03:10:11 MDT 2025
  **** SharedData Build 6139179 on Tue May 20 17:58:58 MDT 2025
  **** Start of session at: Thu Oct 30 16:43:59 2025
    ** Copyright 1986-2022 Xilinx, Inc. All Rights Reserved.
    ** Copyright 2022-2025 Advanced Micro Devices, Inc. All Rights Reserved.

source uart_test.tcl -notrace
Command: open_checkpoint uart_test_routed.dcp
INFO: [Device 21-403] Loading part xc7s50csga324-1
Netlist sorting complete. Time (s): cpu = 00:00:00 ; elapsed = 00:00:00 . Memory (MB): peak = 1646.426 ; gain = 0.000 ; free physical = 28291 ; free virtual = 86634
INFO: [Netlist 29-17] Analyzing 11 Unisim elements for replacement
INFO: [Netlist 29-28] Unisim Transformation completed in 0 CPU seconds
INFO: [Project 1-479] Netlist was created with Vivado 2025.1
INFO: [Project 1-570] Preparing netlist for logic optimization
Read ShapeDB Complete: Time (s): cpu = 00:00:00 ; elapsed = 00:00:00 . Memory (MB): peak = 1705.270 ; gain = 0.000 ; free physical = 28169 ; free virtual = 86515
INFO: [Timing 38-478] Restoring timing data from binary archive.
INFO: [Timing 38-479] Binary timing data restore complete.
INFO: [Project 1-856] Restoring constraints from binary archive.
INFO: [Project 1-853] Binary constraint restore complete.
INFO: [Designutils 20-5722] Start Reading Physical Databases.
Reading placement.
Read Netlist Cache: Time (s): cpu = 00:00:00 ; elapsed = 00:00:00 . Memory (MB): peak = 2194.777 ; gain = 0.000 ; free physical = 27900 ; free virtual = 86247
Reading placer database...
Read Device Cache: Time (s): cpu = 00:00:00.01 ; elapsed = 00:00:00.01 . Memory (MB): peak = 2194.777 ; gain = 0.000 ; free physical = 27900 ; free virtual = 86247
Read PlaceDB: Time (s): cpu = 00:00:00.01 ; elapsed = 00:00:00.01 . Memory (MB): peak = 2194.777 ; gain = 0.000 ; free physical = 27899 ; free virtual = 86246
Read PulsedLatchDB: Time (s): cpu = 00:00:00 ; elapsed = 00:00:00 . Memory (MB): peak = 2194.777 ; gain = 0.000 ; free physical = 27899 ; free virtual = 86246
Reading routing.
Read RouteStorage: Time (s): cpu = 00:00:00.01 ; elapsed = 00:00:00 . Memory (MB): peak = 2194.777 ; gain = 0.000 ; free physical = 27899 ; free virtual = 86246
Read Physdb Files: Time (s): cpu = 00:00:00.03 ; elapsed = 00:00:00.02 . Memory (MB): peak = 2194.777 ; gain = 0.000 ; free physical = 27899 ; free virtual = 86246
Restored from archive | CPU: 0.060000 secs | Memory: 1.339005 MB |
Finished XDEF File Restore: Time (s): cpu = 00:00:00.06 ; elapsed = 00:00:00.05 . Memory (MB): peak = 2194.777 ; gain = 0.000 ; free physical = 27899 ; free virtual = 86246
Netlist sorting complete. Time (s): cpu = 00:00:00 ; elapsed = 00:00:00 . Memory (MB): peak = 2194.777 ; gain = 0.000 ; free physical = 27900 ; free virtual = 86246
INFO: [Project 1-111] Unisim Transformation Summary:
  A total of 6 instances were transformed.
  RAM32M => RAM32M (RAMD32(x6), RAMS32(x2)): 2 instances
  RAM32X1D => RAM32X1D (RAMD32(x2)): 4 instances

INFO: [Project 1-604] Checkpoint was created with Vivado v2025.1 (64-bit) build 6140274
open_checkpoint: Time (s): cpu = 00:00:18 ; elapsed = 00:00:10 . Memory (MB): peak = 2194.812 ; gain = 768.457 ; free physical = 27899 ; free virtual = 86246
Command: write_bitstream -force uart_test.bit
Attempting to get a license for feature 'Implementation' and/or device 'xc7s50'
INFO: [Common 17-349] Got license for feature 'Implementation' and/or device 'xc7s50'
Running DRC as a precondition to command write_bitstream
INFO: [IP_Flow 19-234] Refreshing IP repositories
INFO: [IP_Flow 19-1704] No user IP repositories specified
INFO: [IP_Flow 19-2313] Loaded Vivado IP repository '/home/filthyfil/Applications/Vivado/2025.1/Vivado/data/ip'.
INFO: [DRC 23-27] Running DRC with 8 threads
INFO: [Vivado 12-3199] DRC finished with 0 Errors
INFO: [Vivado 12-3200] Please refer to the DRC report (report_drc) for more information.
INFO: [Designutils 20-2272] Running write_bitstream with 8 threads.
Loading data files...
Loading site data...
Loading route data...
Processing options...
Creating bitmap...
Creating bitstream...
Writing bitstream ./uart_test.bit...
INFO: [Vivado 12-1842] Bitgen Completed Successfully.
INFO: [Project 1-1876] WebTalk data collection is mandatory when using a ULT device. To see the specific WebTalk data collected for your design, open the usage_statistics_webtalk.html or usage_statistics_webtalk.xml file in the implementation directory.
INFO: [Common 17-83] Releasing license: Implementation
23 Infos, 0 Warnings, 0 Critical Warnings and 0 Errors encountered.
write_bitstream completed successfully
write_bitstream: Time (s): cpu = 00:00:14 ; elapsed = 00:00:12 . Memory (MB): peak = 2649.441 ; gain = 454.629 ; free physical = 27347 ; free virtual = 85698
INFO: [Common 17-206] Exiting Vivado at Thu Oct 30 16:44:23 2025...
